Component: ARM Compiler 5.06 update 7 (build 960) Tool: armlink [4d3601]

==============================================================================

Section Cross References

    system_stm32f10x.o(i.SetSysClock) refers to system_stm32f10x.o(i.SetSysClockTo72) for SetSysClockTo72
    system_stm32f10x.o(i.SystemCoreClockUpdate) refers to system_stm32f10x.o(.data) for SystemCoreClock
    system_stm32f10x.o(i.SystemInit) refers to system_stm32f10x.o(i.SetSysClock) for SetSysClock
    startup_stm32f10x_hd.o(RESET) refers to startup_stm32f10x_hd.o(STACK) for __initial_sp
    startup_stm32f10x_hd.o(RESET) refers to startup_stm32f10x_hd.o(.text) for Reset_Handler
    startup_stm32f10x_hd.o(RESET) refers to stm32f10x_it.o(i.NMI_Handler) for NMI_Handler
    startup_stm32f10x_hd.o(RESET) refers to stm32f10x_it.o(i.HardFault_Handler) for HardFault_Handler
    startup_stm32f10x_hd.o(RESET) refers to stm32f10x_it.o(i.MemManage_Handler) for MemManage_Handler
    startup_stm32f10x_hd.o(RESET) refers to stm32f10x_it.o(i.BusFault_Handler) for BusFault_Handler
    startup_stm32f10x_hd.o(RESET) refers to stm32f10x_it.o(i.UsageFault_Handler) for UsageFault_Handler
    startup_stm32f10x_hd.o(RESET) refers to port.o(.emb_text) for SVC_Handler
    startup_stm32f10x_hd.o(RESET) refers to stm32f10x_it.o(i.DebugMon_Handler) for DebugMon_Handler
    startup_stm32f10x_hd.o(RESET) refers to port.o(i.SysTick_Handler) for SysTick_Handler
    startup_stm32f10x_hd.o(RESET) refers to lwesp_ll_stm32.o(i.DMA1_Channel6_IRQHandler) for DMA1_Channel6_IRQHandler
    startup_stm32f10x_hd.o(RESET) refers to lwesp_ll_stm32.o(i.USART2_IRQHandler) for USART2_IRQHandler
    startup_stm32f10x_hd.o(.text) refers to system_stm32f10x.o(i.SystemInit) for SystemInit
    startup_stm32f10x_hd.o(.text) refers to entry.o(.ARM.Collect$$$$00000000) for __main
    main.o(i.NVIC_Configuration) refers to misc.o(i.NVIC_PriorityGroupConfig) for NVIC_PriorityGroupConfig
    main.o(i.join_ap_test) refers to printf8.o(i.__0printf$8) for __2printf
    main.o(i.join_ap_test) refers to lwesp.o(i.lwesp_init) for lwesp_init
    main.o(i.join_ap_test) refers to lwesp_sta.o(i.lwesp_sta_is_joined) for lwesp_sta_is_joined
    main.o(i.join_ap_test) refers to station_manager.o(i.connect_to_preferred_access_point) for connect_to_preferred_access_point
    main.o(i.join_ap_test) refers to tasks.o(i.vTaskDelay) for vTaskDelay
    main.o(i.join_ap_test) refers to main.o(i.lwesp_callback_func) for lwesp_callback_func
    main.o(i.lwesp_callback_func) refers to lwesp_evt.o(i.lwesp_evt_get_type) for lwesp_evt_get_type
    main.o(i.lwesp_callback_func) refers to lwesp.o(i.lwesp_get_current_at_fw_version) for lwesp_get_current_at_fw_version
    main.o(i.lwesp_callback_func) refers to printf8.o(i.__0printf$8) for __2printf
    main.o(i.lwesp_callback_func) refers to lwesp_sta.o(i.lwesp_sta_is_joined) for lwesp_sta_is_joined
    main.o(i.lwesp_callback_func) refers to lwesp_sys_freertos.o(i.lwesp_sys_thread_create) for lwesp_sys_thread_create
    main.o(i.lwesp_callback_func) refers to netconn_client.o(i.netconn_client_thread) for netconn_client_thread
    main.o(i.main) refers to main.o(i.NVIC_Configuration) for NVIC_Configuration
    main.o(i.main) refers to printf.o(i.debug_uart_init) for debug_uart_init
    main.o(i.main) refers to printf8.o(i.__0printf$8) for __2printf
    main.o(i.main) refers to tasks.o(i.xTaskCreate) for xTaskCreate
    main.o(i.main) refers to tasks.o(i.vTaskStartScheduler) for vTaskStartScheduler
    main.o(i.main) refers to main.o(i.join_ap_test) for join_ap_test
    printf.o(i.debug_uart_cfg) refers to stm32f10x_rcc.o(i.RCC_APB2PeriphClockCmd) for RCC_APB2PeriphClockCmd
    printf.o(i.debug_uart_cfg) refers to stm32f10x_gpio.o(i.GPIO_Init) for GPIO_Init
    printf.o(i.debug_uart_cfg) refers to stm32f10x_usart.o(i.USART_Init) for USART_Init
    printf.o(i.debug_uart_cfg) refers to stm32f10x_usart.o(i.USART_Cmd) for USART_Cmd
    printf.o(i.debug_uart_cfg) refers to stm32f10x_usart.o(i.USART_GetFlagStatus) for USART_GetFlagStatus
    printf.o(i.debug_uart_init) refers to printf.o(i.debug_uart_cfg) for debug_uart_cfg
    printf.o(i.debug_uart_init) refers to printf.o(.bss) for s_st_debug_uart
    printf.o(i.fputc) refers to stm32f10x_usart.o(i.USART_SendData) for USART_SendData
    printf.o(i.fputc) refers to stm32f10x_usart.o(i.USART_GetFlagStatus) for USART_GetFlagStatus
    delay.o(i.delay_ms) refers to delay.o(.data) for g_u32_time
    stm32f10x_adc.o(i.ADC_DeInit) refers to stm32f10x_rcc.o(i.RCC_APB2PeriphResetCmd) for RCC_APB2PeriphResetCmd
    stm32f10x_bkp.o(i.BKP_DeInit) refers to stm32f10x_rcc.o(i.RCC_BackupResetCmd) for RCC_BackupResetCmd
    stm32f10x_can.o(i.CAN_DeInit) refers to stm32f10x_rcc.o(i.RCC_APB1PeriphResetCmd) for RCC_APB1PeriphResetCmd
    stm32f10x_can.o(i.CAN_GetITStatus) refers to stm32f10x_can.o(i.CheckITStatus) for CheckITStatus
[...]
    i.xTaskGetCurrentTaskHandle              0x08008fa8   Section        0  tasks.o(i.xTaskGetCurrentTaskHandle)
    i.xTaskGetSchedulerState                 0x08008fb4   Section        0  tasks.o(i.xTaskGetSchedulerState)
    i.xTaskGetTickCount                      0x08008fd4   Section        0  tasks.o(i.xTaskGetTickCount)
    i.xTaskIncrementTick                     0x08008fe0   Section        0  tasks.o(i.xTaskIncrementTick)
    i.xTaskPriorityDisinherit                0x08009198   Section        0  tasks.o(i.xTaskPriorityDisinherit)
    i.xTaskPriorityInherit                   0x08009270   Section        0  tasks.o(i.xTaskPriorityInherit)
    i.xTaskRemoveFromEventList               0x08009348   Section        0  tasks.o(i.xTaskRemoveFromEventList)
    i.xTaskResumeAll                         0x08009468   Section        0  tasks.o(i.xTaskResumeAll)
    i.xTimerCreateTimerTask                  0x080095dc   Section        0  timers.o(i.xTimerCreateTimerTask)
    .constdata                               0x08009630   Section        8  lwesp_ll_stm32.o(.constdata)
    .constdata                               0x08009638   Section        8  station_manager.o(.constdata)
    ap_list_preferred                        0x08009638   Data           8  station_manager.o(.constdata)
    .constdata                               0x08009640   Section       60  netconn_client.o(.constdata)
    request_header                           0x08009640   Data          60  netconn_client.o(.constdata)
    .conststring                             0x0800967c   Section      161  station_manager.o(.conststring)
    .conststring                             0x08009720   Section      104  netconn_client.o(.conststring)
    .data                                    0x20000000   Section       20  system_stm32f10x.o(.data)
    .data                                    0x20000014   Section       20  stm32f10x_rcc.o(.data)
    APBAHBPrescTable                         0x20000014   Data          16  stm32f10x_rcc.o(.data)
    ADCPrescTable                            0x20000024   Data           4  stm32f10x_rcc.o(.data)
    .data                                    0x20000028   Section       64  tasks.o(.data)
    pxDelayedTaskList                        0x2000002c   Data           4  tasks.o(.data)
    pxOverflowDelayedTaskList                0x20000030   Data           4  tasks.o(.data)
    uxDeletedTasksWaitingCleanUp             0x20000034   Data           4  tasks.o(.data)
    uxCurrentNumberOfTasks                   0x20000038   Data           4  tasks.o(.data)
    xTickCount                               0x2000003c   Data           4  tasks.o(.data)
    uxTopReadyPriority                       0x20000040   Data           4  tasks.o(.data)
    xSchedulerRunning                        0x20000044   Data           4  tasks.o(.data)
    xPendedTicks                             0x20000048   Data           4  tasks.o(.data)
    xYieldPending                            0x2000004c   Data           4  tasks.o(.data)
    xNumOfOverflows                          0x20000050   Data           4  tasks.o(.data)
    uxTaskNumber                             0x20000054   Data           4  tasks.o(.data)
    xNextTaskUnblockTime                     0x20000058   Data           4  tasks.o(.data)
    xIdleTaskHandle                          0x2000005c   Data           4  tasks.o(.data)
    uxSchedulerSuspended                     0x20000064   Data           4  tasks.o(.data)
    .data                                    0x20000068   Section       20  timers.o(.data)
    pxCurrentTimerList                       0x20000068   Data           4  timers.o(.data)
    pxOverflowTimerList                      0x2000006c   Data           4  timers.o(.data)
    xTimerQueue                              0x20000070   Data           4  timers.o(.data)
    xTimerTaskHandle                         0x20000074   Data           4  timers.o(.data)
    xLastTime                                0x20000078   Data           4  timers.o(.data)
    .data                                    0x2000007c   Section       28  heap_4.o(.data)
    xStart                                   0x2000007c   Data           8  heap_4.o(.data)
    pxEnd                                    0x20000084   Data           4  heap_4.o(.data)
    xFreeBytesRemaining                      0x20000088   Data           4  heap_4.o(.data)
    xMinimumEverFreeBytesRemaining           0x2000008c   Data           4  heap_4.o(.data)
    xNumberOfSuccessfulAllocations           0x20000090   Data           4  heap_4.o(.data)
    xNumberOfSuccessfulFrees                 0x20000094   Data           4  heap_4.o(.data)
    .data                                    0x20000098   Section       12  port.o(.data)
    uxCriticalNesting                        0x20000098   Data           4  port.o(.data)
    ucMaxSysCallPriority                     0x2000009c   Data           1  port.o(.data)
    ulMaxPRIGROUPValue                       0x200000a0   Data           4  port.o(.data)
    .data                                    0x200000a4   Section       13  lwesp_netconn.o(.data)
    recv_closed                              0x200000a4   Data           1  lwesp_netconn.o(.data)
    recv_not_present                         0x200000a5   Data           1  lwesp_netconn.o(.data)
    listen_api                               0x200000a8   Data           4  lwesp_netconn.o(.data)
    netconn_list                             0x200000ac   Data           4  lwesp_netconn.o(.data)
    first                                    0x200000b0   Data           1  lwesp_netconn.o(.data)
    .data                                    0x200000b4   Section        8  lwesp.o(.data)
    def_evt_link                             0x200000b4   Data           8  lwesp.o(.data)
    .data                                    0x200000bc   Section        8  lwesp_input.o(.data)
    lwesp_recv_total_len                     0x200000bc   Data           4  lwesp_input.o(.data)
    lwesp_recv_calls                         0x200000c0   Data           4  lwesp_input.o(.data)
    .data                                    0x200000c4   Section        9  lwesp_int.o(.data)
    ch_prev1                                 0x200000c4   Data           1  lwesp_int.o(.data)
    ch_prev2                                 0x200000c5   Data           1  lwesp_int.o(.data)
    unicode                                  0x200000c6   Data           7  lwesp_int.o(.data)
    .data                                    0x200000d0   Section       16  lwesp_mem.o(.data)
    start_block                              0x200000d0   Data           8  lwesp_mem.o(.data)
    end_block                                0x200000d8   Data           4  lwesp_mem.o(.data)
    mem_available_bytes                      0x200000dc   Data           4  lwesp_mem.o(.data)
    .data                                    0x200000e0   Section        8  lwesp_timeout.o(.data)
    first_timeout                            0x200000e0   Data           4  lwesp_timeout.o(.data)
    last_timeout_time                        0x200000e4   Data           4  lwesp_timeout.o(.data)
    .data                                    0x200000e8   Section       16  lwesp_ll_stm32.o(.data)
    is_running                               0x200000e8   Data           1  lwesp_ll_stm32.o(.data)
    initialized                              0x200000e9   Data           1  lwesp_ll_stm32.o(.data)
    old_pos                                  0x200000ec   Data           4  lwesp_ll_stm32.o(.data)
    usart_ll_thread_id                       0x200000f0   Data           4  lwesp_ll_stm32.o(.data)
    usart_ll_mbox_id                         0x200000f4   Data           4  lwesp_ll_stm32.o(.data)
    .data                                    0x200000f8   Section        4  lwesp_sys_freertos.o(.data)
    sys_mutex                                0x200000f8   Data           4  lwesp_sys_freertos.o(.data)
    .data                                    0x200000fc   Section        4  station_manager.o(.data)
    ap_list_scanned_len                      0x200000fc   Data           4  station_manager.o(.data)
    .data                                    0x20000100   Section        4  stdout.o(.data)
    .bss                                     0x20000104   Section       16  printf.o(.bss)
    s_st_debug_uart                          0x20000104   Data          16  printf.o(.bss)
    .bss                                     0x20000114   Section       64  queue.o(.bss)
    .bss                                     0x20000154   Section     1220  tasks.o(.bss)
    pxReadyTasksLists                        0x20000154   Data        1120  tasks.o(.bss)
    xDelayedTaskList1                        0x200005b4   Data          20  tasks.o(.bss)
    xDelayedTaskList2                        0x200005c8   Data          20  tasks.o(.bss)
    xPendingReadyList                        0x200005dc   Data          20  tasks.o(.bss)
    xTasksWaitingTermination                 0x200005f0   Data          20  tasks.o(.bss)
    xSuspendedTaskList                       0x20000604   Data          20  tasks.o(.bss)
    .bss                                     0x20000618   Section       40  timers.o(.bss)
    xActiveTimerList1                        0x20000618   Data          20  timers.o(.bss)
    xActiveTimerList2                        0x2000062c   Data          20  timers.o(.bss)
    .bss                                     0x20000640   Section    20480  heap_4.o(.bss)
    ucHeap                                   0x20000640   Data       20480  heap_4.o(.bss)
    .bss                                     0x20005640   Section      404  lwesp.o(.bss)
    .bss                                     0x200057d4   Section      132  lwesp_int.o(.bss)
    recv_buff                                0x200057d4   Data         132  lwesp_int.o(.bss)
    .bss                                     0x20005858   Section     8252  lwesp_ll_stm32.o(.bss)
    usart_mem                                0x20005858   Data        4096  lwesp_ll_stm32.o(.bss)
    USART_InitStruct                         0x20006858   Data          16  lwesp_ll_stm32.o(.bss)
    DMA_InitStruct                           0x20006868   Data          44  lwesp_ll_stm32.o(.bss)
    memory                                   0x20006894   Data        4096  lwesp_ll_stm32.o(.bss)
    .bss                                     0x20007894   Section     3412  station_manager.o(.bss)
    ap_list_scanned                          0x20007894   Data        3400  station_manager.o(.bss)
    ap_async_data                            0x200085dc   Data          12  station_manager.o(.bss)
    STACK                                    0x200085e8   Section     1024  startup_stm32f10x_hd.o(STACK)

    Global Symbols

    Symbol Name                              Value     Ov Type        Size  Object(Section)

    BuildAttributes$$THM_ISAv4$P$D$K$B$S$PE$A:L22UL41UL21$X:L11$S22US41US21$IEEE1$IW$USESV6$~STKCKD$USESV7$~SHL$OSPACE$ROPI$EBA8$MICROLIB$REQ8$PRES8$EABIv2 0x00000000   Number         0  anon$$obj.o ABSOLUTE
    __ARM_use_no_argv                        0x00000000   Number         0  main.o ABSOLUTE
    _printf_a                                0x00000000   Number         0  stubs.o ABSOLUTE
    _printf_c                                0x00000000   Number         0  stubs.o ABSOLUTE
    _printf_charcount                        0x00000000   Number         0  stubs.o ABSOLUTE
    _printf_d                                0x00000000   Number         0  stubs.o ABSOLUTE
    _printf_e                                0x00000000   Number         0  stubs.o ABSOLUTE
    _printf_f                                0x00000000   Number         0  stubs.o ABSOLUTE
    _printf_flags                            0x00000000   Number         0  stubs.o ABSOLUTE
    _printf_fp_dec                           0x00000000   Number         0  stubs.o ABSOLUTE
    _printf_fp_hex                           0x00000000   Number         0  stubs.o ABSOLUTE
    _printf_g                                0x00000000   Number         0  stubs.o ABSOLUTE
    _printf_i                                0x00000000   Number         0  stubs.o ABSOLUTE
    _printf_int_dec                          0x00000000   Number         0  stubs.o ABSOLUTE
    _printf_l                                0x00000000   Number         0  stubs.o ABSOLUTE
    _printf_lc                               0x00000000   Number         0  stubs.o ABSOLUTE
    _printf_ll                               0x00000000   Number         0  stubs.o ABSOLUTE
    _printf_lld                              0x00000000   Number         0  stubs.o ABSOLUTE
    _printf_lli                              0x00000000   Number         0  stubs.o ABSOLUTE
    _printf_llo                              0x00000000   Number         0  stubs.o ABSOLUTE
    _printf_llu                              0x00000000   Number         0  stubs.o ABSOLUTE
    _printf_llx                              0x00000000   Number         0  stubs.o ABSOLUTE
    _printf_longlong_dec                     0x00000000   Number         0  stubs.o ABSOLUTE
    _printf_longlong_hex                     0x00000000   Number         0  stubs.o ABSOLUTE
    _printf_longlong_oct                     0x00000000   Number         0  stubs.o ABSOLUTE
    _printf_ls                               0x00000000   Number         0  stubs.o ABSOLUTE
    _printf_mbtowc                           0x00000000   Number         0  stubs.o ABSOLUTE
    _printf_n                                0x00000000   Number         0  stubs.o ABSOLUTE
    _printf_o                                0x00000000   Number         0  stubs.o ABSOLUTE
    _printf_p                                0x00000000   Number         0  stubs.o ABSOLUTE
    _printf_percent                          0x00000000   Number         0  stubs.o ABSOLUTE
    _printf_pre_padding                      0x00000000   Number         0  stubs.o ABSOLUTE
    _printf_return_value                     0x00000000   Number         0  stubs.o ABSOLUTE
    _printf_s                                0x00000000   Number         0  stubs.o ABSOLUTE
    _printf_sizespec                         0x00000000   Number         0  stubs.o ABSOLUTE
    _printf_str                              0x00000000   Number         0  stubs.o ABSOLUTE
    _printf_truncate_signed                  0x00000000   Number         0  stubs.o ABSOLUTE
    _printf_truncate_unsigned                0x00000000   Number         0  stubs.o ABSOLUTE
    _printf_u                                0x00000000   Number         0  stubs.o ABSOLUTE
    _printf_wc                               0x00000000   Number         0  stubs.o ABSOLUTE
    _printf_wctomb                           0x00000000   Number         0  stubs.o ABSOLUTE
    _printf_widthprec                        0x00000000   Number         0  stubs.o ABSOLUTE
    _printf_x                                0x00000000   Number         0  stubs.o ABSOLUTE
    __arm_fini_                               - Undefined Weak Reference
    __cpp_initialize__aeabi_                  - Undefined Weak Reference
    __cxa_finalize                            - Undefined Weak Reference
    __decompress                              - Undefined Weak Reference
    _clock_init                               - Undefined Weak Reference
    _microlib_exit                            - Undefined Weak Reference
    __Vectors_Size                           0x00000130   Number         0  startup_stm32f10x_hd.o ABSOLUTE
    __Vectors                                0x08000000   Data           4  startup_stm32f10x_hd.o(RESET)
    __Vectors_End                            0x08000130   Data           0  startup_stm32f10x_hd.o(RESET)
    __main                                   0x08000131   Thumb Code     0  entry.o(.ARM.Collect$$$$00000000)
    _main_stk                                0x08000131   Thumb Code     0  entry2.o(.ARM.Collect$$$$00000001)
    _main_scatterload                        0x08000135   Thumb Code     0  entry5.o(.ARM.Collect$$$$00000004)
    __main_after_scatterload                 0x08000139   Thumb Code     0  entry5.o(.ARM.Collect$$$$00000004)
    _main_clock                              0x08000139   Thumb Code     0  entry7b.o(.ARM.Collect$$$$00000008)
    _main_cpp_init                           0x08000139   Thumb Code     0  entry8b.o(.ARM.Collect$$$$0000000A)
    _main_init                               0x08000139   Thumb Code     0  entry9a.o(.ARM.Collect$$$$0000000B)
    __rt_lib_shutdown_fini                   0x08000141   Thumb Code     0  entry12b.o(.ARM.Collect$$$$0000000E)
    __rt_final_cpp                           0x08000145   Thumb Code     0  entry10a.o(.ARM.Collect$$$$0000000F)
    __rt_final_exit                          0x08000145   Thumb Code     0  entry11a.o(.ARM.Collect$$$$00000011)
    SVC_Handler                              0x08000149   Thumb Code    32  port.o(.emb_text)
    __asm___6_port_c_39a90d8d__prvStartFirstTask 0x0800016d   Thumb Code    28  port.o(.emb_text)
    PendSV_Handler                           0x0800018d   Thumb Code    72  port.o(.emb_text)
    vPortGetIPSR                             0x080001d9   Thumb Code     6  port.o(.emb_text)
    Reset_Handler                            0x080001e1   Thumb Code     8  startup_stm32f10x_hd.o(.text)
    ADC1_2_IRQHandler                        0x080001fb   Thumb Code     0  startup_stm32f10x_hd.o(.text)
    ADC3_IRQHandler                          0x080001fb   Thumb Code     0  startup_stm32f10x_hd.o(.text)
    CAN1_RX1_IRQHandler                      0x080001fb   Thumb Code     0  startup_stm32f10x_hd.o(.text)
    CAN1_SCE_IRQHandler                      0x080001fb   Thumb Code     0  startup_stm32f10x_hd.o(.text)
    DMA1_Channel1_IRQHandler                 0x080001fb   Thumb Code     0  startup_stm32f10x_hd.o(.text)
    DMA1_Channel2_IRQHandler                 0x080001fb   Thumb Code     0  startup_stm32f10x_hd.o(.text)
    DMA1_Channel3_IRQHandler                 0x080001fb   Thumb Code     0  startup_stm32f10x_hd.o(.text)
    DMA1_Channel4_IRQHandler                 0x080001fb   Thumb Code     0  startup_stm32f10x_hd.o(.text)
    DMA1_Channel5_IRQHandler                 0x080001fb   Thumb Code     0  startup_stm32f10x_hd.o(.text)
    DMA1_Channel7_IRQHandler                 0x080001fb   Thumb Code     0  startup_stm32f10x_hd.o(.text)
    DMA2_Channel1_IRQHandler                 0x080001fb   Thumb Code     0  startup_stm32f10x_hd.o(.text)
    DMA2_Channel2_IRQHandler                 0x080001fb   Thumb Code     0  startup_stm32f10x_hd.o(.text)
    DMA2_Channel3_IRQHandler                 0x080001fb   Thumb Code     0  startup_stm32f10x_hd.o(.text)
    DMA2_Channel4_5_IRQHandler               0x080001fb   Thumb Code     0  startup_stm32f10x_hd.o(.text)
    EXTI0_IRQHandler                         0x080001fb   Thumb Code     0  startup_stm32f10x_hd.o(.text)
    EXTI15_10_IRQHandler                     0x080001fb   Thumb Code     0  startup_stm32f10x_hd.o(.text)
    EXTI1_IRQHandler                         0x080001fb   Thumb Code     0  startup_stm32f10x_hd.o(.text)
    EXTI2_IRQHandler                         0x080001fb   Thumb Code     0  startup_stm32f10x_hd.o(.text)
    EXTI3_IRQHandler                         0x080001fb   Thumb Code     0  startup_stm32f10x_hd.o(.text)
    EXTI4_IRQHandler                         0x080001fb   Thumb Code     0  startup_stm32f10x_hd.o(.text)
    EXTI9_5_IRQHandler                       0x080001fb   Thumb Code     0  startup_stm32f10x_hd.o(.text)
    FLASH_IRQHandler                         0x080001fb   Thumb Code     0  startup_stm32f10x_hd.o(.text)
    FSMC_IRQHandler                          0x080001fb   Thumb Code     0  startup_stm32f10x_hd.o(.text)
    I2C1_ER_IRQHandler                       0x080001fb   Thumb Code     0  startup_stm32f10x_hd.o(.text)
    I2C1_EV_IRQHandler                       0x080001fb   Thumb Code     0  startup_stm32f10x_hd.o(.text)
    I2C2_ER_IRQHandler                       0x080001fb   Thumb Code     0  startup_stm32f10x_hd.o(.text)
    I2C2_EV_IRQHandler                       0x080001fb   Thumb Code     0  startup_stm32f10x_hd.o(.text)
    PVD_IRQHandler                           0x080001fb   Thumb Code     0  startup_stm32f10x_hd.o(.text)
    RCC_IRQHandler                           0x080001fb   Thumb Code     0  startup_stm32f10x_hd.o(.text)
    RTCAlarm_IRQHandler                      0x080001fb   Thumb Code     0  startup_stm32f10x_hd.o(.text)
    RTC_IRQHandler                           0x080001fb   Thumb Code     0  startup_stm32f10x_hd.o(.text)
    SDIO_IRQHandler                          0x080001fb   Thumb Code     0  startup_stm32f10x_hd.o(.text)
    SPI1_IRQHandler                          0x080001fb   Thumb Code     0  startup_stm32f10x_hd.o(.text)
    SPI2_IRQHandler                          0x080001fb   Thumb Code     0  startup_stm32f10x_hd.o(.text)
    SPI3_IRQHandler                          0x080001fb   Thumb Code     0  startup_stm32f10x_hd.o(.text)
    TAMPER_IRQHandler                        0x080001fb   Thumb Code     0  startup_stm32f10x_hd.o(.text)
    TIM1_BRK_IRQHandler                      0x080001fb   Thumb Code     0  startup_stm32f10x_hd.o(.text)
    TIM1_CC_IRQHandler                       0x080001fb   Thumb Code     0  startup_stm32f10x_hd.o(.text)
    TIM1_TRG_COM_IRQHandler                  0x080001fb   Thumb Code     0  startup_stm32f10x_hd.o(.text)
    TIM1_UP_IRQHandler                       0x080001fb   Thumb Code     0  startup_stm32f10x_hd.o(.text)
    TIM2_IRQHandler                          0x080001fb   Thumb Code     0  startup_stm32f10x_hd.o(.text)
    TIM3_IRQHandler                          0x080001fb   Thumb Code     0  startup_stm32f10x_hd.o(.text)
    TIM4_IRQHandler                          0x080001fb   Thumb Code     0  startup_stm32f10x_hd.o(.text)
    TIM5_IRQHandler                          0x080001fb   Thumb Code     0  startup_stm32f10x_hd.o(.text)
    TIM6_IRQHandler                          0x080001fb   Thumb Code     0  startup_stm32f10x_hd.o(.text)
    TIM7_IRQHandler                          0x080001fb   Thumb Code     0  startup_stm32f10x_hd.o(.text)
    TIM8_BRK_IRQHandler                      0x080001fb   Thumb Code     0  startup_stm32f10x_hd.o(.text)
    TIM8_CC_IRQHandler                       0x080001fb   Thumb Code     0  startup_stm32f10x_hd.o(.text)
    TIM8_TRG_COM_IRQHandler                  0x080001fb   Thumb Code     0  startup_stm32f10x_hd.o(.text)
    TIM8_UP_IRQHandler                       0x080001fb   Thumb Code     0  startup_stm32f10x_hd.o(.text)
    UART4_IRQHandler                         0x080001fb   Thumb Code     0  startup_stm32f10x_hd.o(.text)
    UART5_IRQHandler                         0x080001fb   Thumb Code     0  startup_stm32f10x_hd.o(.text)
    USART1_IRQHandler                        0x080001fb   Thumb Code     0  startup_stm32f10x_hd.o(.text)
    USART3_IRQHandler                        0x080001fb   Thumb Code     0  startup_stm32f10x_hd.o(.text)
    USBWakeUp_IRQHandler                     0x080001fb   Thumb Code     0  startup_stm32f10x_hd.o(.text)
    USB_HP_CAN1_TX_IRQHandler                0x080001fb   Thumb Code     0  startup_stm32f10x_hd.o(.text)
    USB_LP_CAN1_RX0_IRQHandler               0x080001fb   Thumb Code     0  startup_stm32f10x_hd.o(.text)
    WWDG_IRQHandler                          0x080001fb   Thumb Code     0  startup_stm32f10x_hd.o(.text)
    __aeabi_memcpy                           0x08000205   Thumb Code    36  memcpya.o(.text)
    __aeabi_memcpy4                          0x08000205   Thumb Code     0  memcpya.o(.text)
    __aeabi_memcpy8                          0x08000205   Thumb Code     0  memcpya.o(.text)
    __aeabi_memset                           0x08000229   Thumb Code    14  memseta.o(.text)
    __aeabi_memset4                          0x08000229   Thumb Code     0  memseta.o(.text)
    __aeabi_memset8                          0x08000229   Thumb Code     0  memseta.o(.text)
    __aeabi_memclr                           0x08000237   Thumb Code     4  memseta.o(.text)
    __aeabi_memclr4                          0x08000237   Thumb Code     0  memseta.o(.text)
    __aeabi_memclr8                          0x08000237   Thumb Code     0  memseta.o(.text)
    memset                                   0x0800023b   Thumb Code    18  memseta.o(.text)
    strstr                                   0x0800024d   Thumb Code    36  strstr.o(.text)
    strchr                                   0x08000271   Thumb Code    20  strchr.o(.text)
    strlen                                   0x08000285   Thumb Code    14  strlen.o(.text)
    strcmp                                   0x08000293   Thumb Code    28  strcmp.o(.text)
    strncmp                                  0x080002af   Thumb Code    30  strncmp.o(.text)
    __aeabi_uldivmod                         0x080002cd   Thumb Code    98  uldiv.o(.text)
    __scatterload                            0x08000331   Thumb Code    28  init.o(.text)
    __scatterload_rt2                        0x08000331   Thumb Code     0  init.o(.text)
    __aeabi_llsl                             0x08000355   Thumb Code    30  llshl.o(.text)
    _ll_shift_l                              0x08000355   Thumb Code     0  llshl.o(.text)
    __aeabi_llsr                             0x08000373   Thumb Code    32  llushr.o(.text)
    _ll_ushift_r                             0x08000373   Thumb Code     0  llushr.o(.text)
    BusFault_Handler                         0x08000393   Thumb Code     4  stm32f10x_it.o(i.BusFault_Handler)
    DMA1_Channel6_IRQHandler                 0x08000399   Thumb Code    46  lwesp_ll_stm32.o(i.DMA1_Channel6_IRQHandler)
    DMA_ClearFlag                            0x080003cd   Thumb Code    18  stm32f10x_dma.o(i.DMA_ClearFlag)
    DMA_Cmd                                  0x080003e9   Thumb Code    24  stm32f10x_dma.o(i.DMA_Cmd)
    DMA_GetCurrDataCounter                   0x08000401   Thumb Code     8  stm32f10x_dma.o(i.DMA_GetCurrDataCounter)
    DMA_ITConfig                             0x08000409   Thumb Code    18  stm32f10x_dma.o(i.DMA_ITConfig)
    DMA_Init                                 0x0800041b   Thumb Code    60  stm32f10x_dma.o(i.DMA_Init)
    DebugMon_Handler                         0x08000457   Thumb Code     2  stm32f10x_it.o(i.DebugMon_Handler)
    GPIO_Init                                0x08000459   Thumb Code   278  stm32f10x_gpio.o(i.GPIO_Init)
    GPIO_ResetBits                           0x0800056f   Thumb Code     4  stm32f10x_gpio.o(i.GPIO_ResetBits)
    GPIO_SetBits                             0x08000573   Thumb Code     4  stm32f10x_gpio.o(i.GPIO_SetBits)
    HardFault_Handler                        0x08000577   Thumb Code     4  stm32f10x_it.o(i.HardFault_Handler)
    MemManage_Handler                        0x0800057b   Thumb Code     4  stm32f10x_it.o(i.MemManage_Handler)
    NMI_Handler                              0x0800057f   Thumb Code     2  stm32f10x_it.o(i.NMI_Handler)
    NVIC_Configuration                       0x08000581   Thumb Code    12  main.o(i.NVIC_Configuration)
    NVIC_Init                                0x0800058d   Thumb Code   100  misc.o(i.NVIC_Init)
    NVIC_PriorityGroupConfig                 0x080005fd   Thumb Code    10  misc.o(i.NVIC_PriorityGroupConfig)
    RCC_AHBPeriphClockCmd                    0x08000611   Thumb Code    26  stm32f10x_rcc.o(i.RCC_AHBPeriphClockCmd)
    RCC_APB1PeriphClockCmd                   0x08000631   Thumb Code    26  stm32f10x_rcc.o(i.RCC_APB1PeriphClockCmd)
    RCC_APB1PeriphResetCmd                   0x08000651   Thumb Code    26  stm32f10x_rcc.o(i.RCC_APB1PeriphResetCmd)
    RCC_APB2PeriphClockCmd                   0x08000671   Thumb Code    26  stm32f10x_rcc.o(i.RCC_APB2PeriphClockCmd)
    RCC_APB2PeriphResetCmd                   0x08000691   Thumb Code    26  stm32f10x_rcc.o(i.RCC_APB2PeriphResetCmd)
    RCC_GetClocksFreq                        0x080006b1   Thumb Code   192  stm32f10x_rcc.o(i.RCC_GetClocksFreq)
    SysTick_Handler                          0x0800086d   Thumb Code    46  port.o(i.SysTick_Handler)
    SystemInit                               0x080008a1   Thumb Code    78  system_stm32f10x.o(i.SystemInit)
    USART2_IRQHandler                        0x08000901   Thumb Code    96  lwesp_ll_stm32.o(i.USART2_IRQHandler)
    USART_ClearFlag                          0x08000969   Thumb Code    18  stm32f10x_usart.o(i.USART_ClearFlag)
    USART_ClearITPendingBit                  0x0800097b   Thumb Code    30  stm32f10x_usart.o(i.USART_ClearITPendingBit)
    USART_Cmd                                0x08000999   Thumb Code    24  stm32f10x_usart.o(i.USART_Cmd)
    USART_DMACmd                             0x080009b1   Thumb Code    18  stm32f10x_usart.o(i.USART_DMACmd)
    USART_DeInit                             0x080009c5   Thumb Code   134  stm32f10x_usart.o(i.USART_DeInit)
    USART_GetFlagStatus                      0x08000a61   Thumb Code    26  stm32f10x_usart.o(i.USART_GetFlagStatus)
    USART_GetITStatus                        0x08000a7b   Thumb Code    84  stm32f10x_usart.o(i.USART_GetITStatus)
    USART_ITConfig                           0x08000acf   Thumb Code    74  stm32f10x_usart.o(i.USART_ITConfig)
    USART_Init                               0x08000b19   Thumb Code   210  stm32f10x_usart.o(i.USART_Init)
    USART_ReceiveData                        0x08000bf1   Thumb Code    10  stm32f10x_usart.o(i.USART_ReceiveData)
    USART_SendData                           0x08000bfb   Thumb Code     8  stm32f10x_usart.o(i.USART_SendData)
    UsageFault_Handler                       0x08000c03   Thumb Code     4  stm32f10x_it.o(i.UsageFault_Handler)
    __0printf$8                              0x08000c09   Thumb Code    22  printf8.o(i.__0printf$8)
    __1printf$8                              0x08000c09   Thumb Code     0  printf8.o(i.__0printf$8)
    __2printf                                0x08000c09   Thumb Code     0  printf8.o(i.__0printf$8)
    __scatterload_copy                       0x08000c29   Thumb Code    14  handlers.o(i.__scatterload_copy)
    __scatterload_null                       0x08000c37   Thumb Code     2  handlers.o(i.__scatterload_null)
    __scatterload_zeroinit                   0x08000c39   Thumb Code    14  handlers.o(i.__scatterload_zeroinit)
    connect_to_preferred_access_point        0x080013e5   Thumb Code   330  station_manager.o(i.connect_to_preferred_access_point)
    debug_uart_init                          0x080016a1   Thumb Code    32  printf.o(i.debug_uart_init)
    fputc                                    0x080017b9   Thumb Code    32  printf.o(i.fputc)
    join_ap_test                             0x08001815   Thumb Code    54  main.o(i.join_ap_test)
    lwesp_callback_func                      0x0800189d   Thumb Code   168  main.o(i.lwesp_callback_func)
    lwesp_conn_close                         0x08001a35   Thumb Code   172  lwesp_conn.o(i.lwesp_conn_close)
    lwesp_conn_get_arg                       0x08001ae5   Thumb Code    18  lwesp_conn.o(i.lwesp_conn_get_arg)
    lwesp_conn_get_from_evt                  0x08001af7   Thumb Code    66  lwesp_conn.o(i.lwesp_conn_get_from_evt)
    lwesp_conn_is_active                     0x08001b39   Thumb Code    36  lwesp_conn.o(i.lwesp_conn_is_active)
    lwesp_conn_is_client                     0x08001b5d   Thumb Code    56  lwesp_conn.o(i.lwesp_conn_is_client)
    lwesp_conn_is_server                     0x08001b95   Thumb Code    56  lwesp_conn.o(i.lwesp_conn_is_server)
    lwesp_conn_recved                        0x08001bcd   Thumb Code     6  lwesp_conn.o(i.lwesp_conn_recved)
    lwesp_conn_send                          0x08001bd3   Thumb Code   152  lwesp_conn.o(i.lwesp_conn_send)
    lwesp_conn_set_arg                       0x08001c6b   Thumb Code    20  lwesp_conn.o(i.lwesp_conn_set_arg)
    lwesp_conn_start                         0x08001c81   Thumb Code   140  lwesp_conn.o(i.lwesp_conn_start)
    lwesp_core_lock                          0x08001d11   Thumb Code    20  lwesp.o(i.lwesp_core_lock)
    lwesp_core_unlock                        0x08001d29   Thumb Code    20  lwesp.o(i.lwesp_core_unlock)
    lwesp_delay                              0x08001d41   Thumb Code    48  lwesp.o(i.lwesp_delay)
    lwesp_device_is_present                  0x08001d71   Thumb Code    24  lwesp.o(i.lwesp_device_is_present)
    lwesp_evt_conn_active_get_conn           0x08001de1   Thumb Code     6  lwesp_evt.o(i.lwesp_evt_conn_active_get_conn)
    lwesp_evt_conn_close_get_conn            0x08001de7   Thumb Code     6  lwesp_evt.o(i.lwesp_evt_conn_close_get_conn)
    lwesp_evt_conn_poll_get_conn             0x08001ded   Thumb Code     6  lwesp_evt.o(i.lwesp_evt_conn_poll_get_conn)
    lwesp_evt_conn_recv_get_buff             0x08001df3   Thumb Code     6  lwesp_evt.o(i.lwesp_evt_conn_recv_get_buff)
    lwesp_evt_conn_recv_get_conn             0x08001df9   Thumb Code     6  lwesp_evt.o(i.lwesp_evt_conn_recv_get_conn)
    lwesp_evt_conn_send_get_conn             0x08001dff   Thumb Code     6  lwesp_evt.o(i.lwesp_evt_conn_send_get_conn)
    lwesp_evt_get_type                       0x08001e05   Thumb Code     6  lwesp_evt.o(i.lwesp_evt_get_type)
    lwesp_evt_register                       0x08001e0d   Thumb Code   116  lwesp_evt.o(i.lwesp_evt_register)
    lwesp_get_current_at_fw_version          0x08001e85   Thumb Code    16  lwesp.o(i.lwesp_get_current_at_fw_version)
    lwesp_init                               0x08001e99   Thumb Code   460  lwesp.o(i.lwesp_init)
    lwesp_input_process                      0x0800209d   Thumb Code    68  lwesp_input.o(i.lwesp_input_process)
    lwesp_ll_init                            0x08002109   Thumb Code    56  lwesp_ll_stm32.o(i.lwesp_ll_init)
    lwesp_mem_assignmemory                   0x08002151   Thumb Code    20  lwesp_mem.o(i.lwesp_mem_assignmemory)
    lwesp_mem_calloc                         0x08002165   Thumb Code    28  lwesp_mem.o(i.lwesp_mem_calloc)
    lwesp_mem_free                           0x08002181   Thumb Code    26  lwesp_mem.o(i.lwesp_mem_free)
    lwesp_mem_free_s                         0x0800219b   Thumb Code    24  lwesp_mem.o(i.lwesp_mem_free_s)
    lwesp_mem_malloc                         0x080021b3   Thumb Code    26  lwesp_mem.o(i.lwesp_mem_malloc)
    lwesp_netconn_close                      0x080021cd   Thumb Code    82  lwesp_netconn.o(i.lwesp_netconn_close)
    lwesp_netconn_connect                    0x08002221   Thumb Code    68  lwesp_netconn.o(i.lwesp_netconn_connect)
    lwesp_netconn_delete                     0x08002269   Thumb Code   156  lwesp_netconn.o(i.lwesp_netconn_delete)
    lwesp_netconn_flush                      0x0800230d   Thumb Code    84  lwesp_netconn.o(i.lwesp_netconn_flush)
    lwesp_netconn_new                        0x08002361   Thumb Code   188  lwesp_netconn.o(i.lwesp_netconn_new)
    lwesp_netconn_receive                    0x08002429   Thumb Code   110  lwesp_netconn.o(i.lwesp_netconn_receive)
    lwesp_netconn_write                      0x0800249d   Thumb Code   280  lwesp_netconn.o(i.lwesp_netconn_write)
    lwesp_pbuf_free                          0x080025b5   Thumb Code    70  lwesp_pbuf.o(i.lwesp_pbuf_free)
    lwesp_pbuf_length                        0x080025fb   Thumb Code    18  lwesp_pbuf.o(i.lwesp_pbuf_length)
    lwesp_pbuf_new                           0x0800260d   Thumb Code    38  lwesp_pbuf.o(i.lwesp_pbuf_new)
    lwesp_pbuf_ref                           0x08002633   Thumb Code    22  lwesp_pbuf.o(i.lwesp_pbuf_ref)
    lwesp_pbuf_set_ip                        0x08002649   Thumb Code    16  lwesp_pbuf.o(i.lwesp_pbuf_set_ip)
    lwesp_reset                              0x08002659   Thumb Code    22  lwesp.o(i.lwesp_reset)
    lwesp_reset_with_delay                   0x08002671   Thumb Code    82  lwesp.o(i.lwesp_reset_with_delay)
    lwesp_restore                            0x080026c9   Thumb Code    78  lwesp.o(i.lwesp_restore)
    lwesp_set_server                         0x0800271d   Thumb Code   124  lwesp_server.o(i.lwesp_set_server)
    lwesp_sta_copy_ip                        0x0800279d   Thumb Code   106  lwesp_sta.o(i.lwesp_sta_copy_ip)
    lwesp_sta_getip                          0x0800280d   Thumb Code    98  lwesp_sta.o(i.lwesp_sta_getip)
    lwesp_sta_has_ip                         0x08002875   Thumb Code    24  lwesp_sta.o(i.lwesp_sta_has_ip)
    lwesp_sta_is_joined                      0x08002891   Thumb Code     8  lwesp_sta.o(i.lwesp_sta_is_joined)
    lwesp_sta_join                           0x08002899   Thumb Code   104  lwesp_sta.o(i.lwesp_sta_join)
    lwesp_sta_list_ap                        0x08002905   Thumb Code   108  lwesp_sta.o(i.lwesp_sta_list_ap)
    lwesp_sys_init                           0x08002975   Thumb Code    26  lwesp_sys_freertos.o(i.lwesp_sys_init)
    lwesp_sys_mbox_create                    0x08002995   Thumb Code    30  lwesp_sys_freertos.o(i.lwesp_sys_mbox_create)
    lwesp_sys_mbox_delete                    0x080029b3   Thumb Code    26  lwesp_sys_freertos.o(i.lwesp_sys_mbox_delete)
    lwesp_sys_mbox_get                       0x080029cd   Thumb Code    72  lwesp_sys_freertos.o(i.lwesp_sys_mbox_get)
    lwesp_sys_mbox_getnow                    0x08002a15   Thumb Code    30  lwesp_sys_freertos.o(i.lwesp_sys_mbox_getnow)
    lwesp_sys_mbox_invalid                   0x08002a33   Thumb Code    10  lwesp_sys_freertos.o(i.lwesp_sys_mbox_invalid)
    lwesp_sys_mbox_isvalid                   0x08002a3d   Thumb Code    16  lwesp_sys_freertos.o(i.lwesp_sys_mbox_isvalid)
    lwesp_sys_mbox_put                       0x08002a4d   Thumb Code    34  lwesp_sys_freertos.o(i.lwesp_sys_mbox_put)
    lwesp_sys_mbox_putnow                    0x08002a6f   Thumb Code    30  lwesp_sys_freertos.o(i.lwesp_sys_mbox_putnow)
    lwesp_sys_mutex_lock                     0x08002a8d   Thumb Code    24  lwesp_sys_freertos.o(i.lwesp_sys_mutex_lock)
    lwesp_sys_mutex_unlock                   0x08002aa5   Thumb Code    20  lwesp_sys_freertos.o(i.lwesp_sys_mutex_unlock)
    lwesp_sys_now                            0x08002ab9   Thumb Code     8  lwesp_sys_freertos.o(i.lwesp_sys_now)
    lwesp_sys_protect                        0x08002ac1   Thumb Code    12  lwesp_sys_freertos.o(i.lwesp_sys_protect)
    lwesp_sys_sem_create                     0x08002ad1   Thumb Code    48  lwesp_sys_freertos.o(i.lwesp_sys_sem_create)
    lwesp_sys_sem_delete                     0x08002b01   Thumb Code    14  lwesp_sys_freertos.o(i.lwesp_sys_sem_delete)
    lwesp_sys_sem_invalid                    0x08002b0f   Thumb Code    10  lwesp_sys_freertos.o(i.lwesp_sys_sem_invalid)
    lwesp_sys_sem_isvalid                    0x08002b19   Thumb Code    16  lwesp_sys_freertos.o(i.lwesp_sys_sem_isvalid)
    lwesp_sys_sem_release                    0x08002b29   Thumb Code    26  lwesp_sys_freertos.o(i.lwesp_sys_sem_release)
    lwesp_sys_sem_wait                       0x08002b43   Thumb Code    66  lwesp_sys_freertos.o(i.lwesp_sys_sem_wait)
    lwesp_sys_thread_create                  0x08002b85   Thumb Code    46  lwesp_sys_freertos.o(i.lwesp_sys_thread_create)
    lwesp_sys_thread_terminate               0x08002bb3   Thumb Code    14  lwesp_sys_freertos.o(i.lwesp_sys_thread_terminate)
    lwesp_sys_unprotect                      0x08002bc1   Thumb Code    12  lwesp_sys_freertos.o(i.lwesp_sys_unprotect)
    lwesp_thread_process                     0x08002bd1   Thumb Code    40  lwesp_threads.o(i.lwesp_thread_process)
    lwesp_thread_produce                     0x08002bfd   Thumb Code   284  lwesp_threads.o(i.lwesp_thread_produce)
    lwesp_timeout_add                        0x08002d1d   Thumb Code   218  lwesp_timeout.o(i.lwesp_timeout_add)
    lwesp_u32_to_gen_str                     0x08002e05   Thumb Code   190  lwesp_utils.o(i.lwesp_u32_to_gen_str)
    lwespi_conn_get_val_id                   0x08002ec3   Thumb Code    18  lwesp_conn.o(i.lwespi_conn_get_val_id)
    lwespi_conn_init                         0x08002ed5   Thumb Code     2  lwesp_conn.o(i.lwespi_conn_init)
    lwespi_conn_start_timeout                0x08002ed9   Thumb Code    18  lwesp_conn.o(i.lwespi_conn_start_timeout)
    lwespi_get_cipstatus_or_cipstate_cmd     0x08002ef1   Thumb Code    18  lwesp_int.o(i.lwespi_get_cipstatus_or_cipstate_cmd)
    lwespi_get_from_mbox_with_timeout_checks 0x08002f09   Thumb Code    74  lwesp_timeout.o(i.lwespi_get_from_mbox_with_timeout_checks)
    lwespi_initiate_cmd                      0x08003031   Thumb Code  4760  lwesp_int.o(i.lwespi_initiate_cmd)
    lwespi_is_valid_conn_ptr                 0x080042cd   Thumb Code    38  lwesp_int.o(i.lwespi_is_valid_conn_ptr)
    lwespi_parse_ap_conn_disconn_sta         0x080042f9   Thumb Code    40  lwesp_parser.o(i.lwespi_parse_ap_conn_disconn_sta)
    lwespi_parse_ap_ip_sta                   0x08004325   Thumb Code    42  lwesp_parser.o(i.lwespi_parse_ap_ip_sta)
    lwespi_parse_at_sdk_version              0x08004355   Thumb Code    44  lwesp_parser.o(i.lwespi_parse_at_sdk_version)
    lwespi_parse_cipstatus_cipstate          0x08004381   Thumb Code   176  lwesp_parser.o(i.lwespi_parse_cipstatus_cipstate)
    lwespi_parse_cwdhcp                      0x08004435   Thumb Code    74  lwesp_parser.o(i.lwespi_parse_cwdhcp)
    lwespi_parse_cwjap                       0x08004485   Thumb Code   116  lwesp_parser.o(i.lwespi_parse_cwjap)
    lwespi_parse_cwlap                       0x080044fd   Thumb Code   286  lwesp_parser.o(i.lwespi_parse_cwlap)
    lwespi_parse_cwlif                       0x08004621   Thumb Code   112  lwesp_parser.o(i.lwespi_parse_cwlif)
    lwespi_parse_cwsap                       0x08004695   Thumb Code   154  lwesp_parser.o(i.lwespi_parse_cwsap)
    lwespi_parse_hexnumber                   0x08004735   Thumb Code   142  lwesp_parser.o(i.lwespi_parse_hexnumber)
    lwespi_parse_ip                          0x080047c3   Thumb Code    86  lwesp_parser.o(i.lwespi_parse_ip)
    lwespi_parse_ipd                         0x08004819   Thumb Code   186  lwesp_parser.o(i.lwespi_parse_ipd)
    lwespi_parse_link_conn                   0x080048d9   Thumb Code   184  lwesp_parser.o(i.lwespi_parse_link_conn)
    lwespi_parse_mac                         0x080049ad   Thumb Code   138  lwesp_parser.o(i.lwespi_parse_mac)
    lwespi_parse_number                      0x08004a37   Thumb Code    92  lwesp_parser.o(i.lwespi_parse_number)
    lwespi_parse_port                        0x08004a93   Thumb Code    16  lwesp_parser.o(i.lwespi_parse_port)
    lwespi_parse_string                      0x08005861   Thumb Code   116  lwesp_parser.o(i.lwespi_parse_string)
    lwespi_process                           0x080058d5   Thumb Code  1192  lwesp_int.o(i.lwespi_process)
    lwespi_process_events_for_timeout_or_error 0x08005d8d   Thumb Code   230  lwesp_int.o(i.lwespi_process_events_for_timeout_or_error)
    lwespi_reset_everything                  0x08006379   Thumb Code   130  lwesp_int.o(i.lwespi_reset_everything)
    lwespi_send_cb                           0x08006401   Thumb Code    32  lwesp_int.o(i.lwespi_send_cb)
    lwespi_send_conn_cb                      0x08006425   Thumb Code    44  lwesp_int.o(i.lwespi_send_conn_cb)
    lwespi_send_ip                           0x0800649d   Thumb Code   136  lwesp_int.o(i.lwespi_send_ip)
    lwespi_send_mac                          0x08006531   Thumb Code   128  lwesp_int.o(i.lwespi_send_mac)
    lwespi_send_msg_to_producer_mbox         0x080065bd   Thumb Code   320  lwesp_int.o(i.lwespi_send_msg_to_producer_mbox)
    lwespi_send_number                       0x08006701   Thumb Code    88  lwesp_int.o(i.lwespi_send_number)
    lwespi_send_port                         0x08006765   Thumb Code    92  lwesp_int.o(i.lwespi_send_port)
    lwespi_send_string                       0x080067cd   Thumb Code   140  lwesp_int.o(i.lwespi_send_string)
    lwespi_unicode_decode                    0x08006a55   Thumb Code   122  lwesp_unicode.o(i.lwespi_unicode_decode)
    main                                     0x08006ad1   Thumb Code    60  main.o(i.main)
    netconn_client_thread                    0x08006d69   Thumb Code   214  netconn_client.o(i.netconn_client_thread)
    pvPortMalloc                             0x08007ac9   Thumb Code   280  heap_4.o(i.pvPortMalloc)
    pvTaskIncrementMutexHeldCount            0x08007bf5   Thumb Code    26  tasks.o(i.pvTaskIncrementMutexHeldCount)
    pxPortInitialiseStack                    0x08007c15   Thumb Code    30  port.o(i.pxPortInitialiseStack)
    utils_print_ip                           0x08007dd9   Thumb Code    46  utils.o(i.utils_print_ip)
    uxListRemove                             0x08007e1d   Thumb Code    40  list.o(i.uxListRemove)
    uxQueueMessagesWaiting                   0x08007e45   Thumb Code    42  queue.o(i.uxQueueMessagesWaiting)
    uxTaskGetNumberOfTasks                   0x08007e71   Thumb Code     6  tasks.o(i.uxTaskGetNumberOfTasks)
    vListInitialise                          0x08007e7d   Thumb Code    26  list.o(i.vListInitialise)
    vListInitialiseItem                      0x08007e97   Thumb Code     6  list.o(i.vListInitialiseItem)
    vListInsert                              0x08007e9d   Thumb Code    52  list.o(i.vListInsert)
    vListInsertEnd                           0x08007ed1   Thumb Code    24  list.o(i.vListInsertEnd)
    vPortEnterCritical                       0x08007ee9   Thumb Code    76  port.o(i.vPortEnterCritical)
    vPortExitCritical                        0x08007f3d   Thumb Code    56  port.o(i.vPortExitCritical)
    vPortFree                                0x08007f79   Thumb Code   132  heap_4.o(i.vPortFree)
    vPortSetupTimerInterrupt                 0x08008005   Thumb Code    36  port.o(i.vPortSetupTimerInterrupt)
    vPortValidateInterruptPriority           0x0800802d   Thumb Code   106  port.o(i.vPortValidateInterruptPriority)
    vQueueAddToRegistry                      0x080080a5   Thumb Code    90  queue.o(i.vQueueAddToRegistry)
    vQueueDelete                             0x08008105   Thumb Code    44  queue.o(i.vQueueDelete)
    vQueueUnregisterQueue                    0x08008131   Thumb Code    68  queue.o(i.vQueueUnregisterQueue)
    vQueueWaitForMessageRestricted           0x08008179   Thumb Code    74  queue.o(i.vQueueWaitForMessageRestricted)
    vTaskDelay                               0x080081c5   Thumb Code    82  tasks.o(i.vTaskDelay)
    vTaskDelete                              0x08008221   Thumb Code   176  tasks.o(i.vTaskDelete)
    vTaskInternalSetTimeOutState             0x080082f1   Thumb Code    14  tasks.o(i.vTaskInternalSetTimeOutState)
    vTaskMissedYield                         0x08008309   Thumb Code     8  tasks.o(i.vTaskMissedYield)
    vTaskPlaceOnEventList                    0x08008315   Thumb Code    52  tasks.o(i.vTaskPlaceOnEventList)
    vTaskPlaceOnEventListRestricted          0x0800834d   Thumb Code    94  tasks.o(i.vTaskPlaceOnEventListRestricted)
    vTaskPriorityDisinheritAfterTimeout      0x080083b1   Thumb Code   246  tasks.o(i.vTaskPriorityDisinheritAfterTimeout)
    vTaskStartScheduler                      0x080084b5   Thumb Code   122  tasks.o(i.vTaskStartScheduler)
    vTaskSuspendAll                          0x08008551   Thumb Code    12  tasks.o(i.vTaskSuspendAll)
    vTaskSwitchContext                       0x08008561   Thumb Code   122  tasks.o(i.vTaskSwitchContext)
    xPortStartScheduler                      0x080085f1   Thumb Code   228  port.o(i.xPortStartScheduler)
    xQueueCreateMutex                        0x080086e9   Thumb Code    34  queue.o(i.xQueueCreateMutex)
    xQueueGenericCreate                      0x0800870b   Thumb Code   102  queue.o(i.xQueueGenericCreate)
    xQueueGenericReset                       0x08008771   Thumb Code   214  queue.o(i.xQueueGenericReset)
    xQueueGenericSend                        0x0800884d   Thumb Code   420  queue.o(i.xQueueGenericSend)
    xQueueGenericSendFromISR                 0x080089f5   Thumb Code   296  queue.o(i.xQueueGenericSendFromISR)
    xQueueGiveMutexRecursive                 0x08008b1d   Thumb Code    72  queue.o(i.xQueueGiveMutexRecursive)
    xQueueReceive                            0x08008b65   Thumb Code   356  queue.o(i.xQueueReceive)
    xQueueSemaphoreTake                      0x08008ccd   Thumb Code   398  queue.o(i.xQueueSemaphoreTake)
    xQueueTakeMutexRecursive                 0x08008e61   Thumb Code    78  queue.o(i.xQueueTakeMutexRecursive)
    xTaskCheckForTimeOut                     0x08008eb1   Thumb Code   136  tasks.o(i.xTaskCheckForTimeOut)
    xTaskCreate                              0x08008f41   Thumb Code   104  tasks.o(i.xTaskCreate)
    xTaskGetCurrentTaskHandle                0x08008fa9   Thumb Code     6  tasks.o(i.xTaskGetCurrentTaskHandle)
    xTaskGetSchedulerState                   0x08008fb5   Thumb Code    24  tasks.o(i.xTaskGetSchedulerState)
    xTaskGetTickCount                        0x08008fd5   Thumb Code     6  tasks.o(i.xTaskGetTickCount)
    xTaskIncrementTick                       0x08008fe1   Thumb Code   396  tasks.o(i.xTaskIncrementTick)
    xTaskPriorityDisinherit                  0x08009199   Thumb Code   202  tasks.o(i.xTaskPriorityDisinherit)
    xTaskPriorityInherit                     0x08009271   Thumb Code   202  tasks.o(i.xTaskPriorityInherit)
    xTaskRemoveFromEventList                 0x08009349   Thumb Code   262  tasks.o(i.xTaskRemoveFromEventList)
    xTaskResumeAll                           0x08009469   Thumb Code   336  tasks.o(i.xTaskResumeAll)
    xTimerCreateTimerTask                    0x080095dd   Thumb Code    64  timers.o(i.xTimerCreateTimerTask)
    Region$$Table$$Base                      0x08009788   Number         0  anon$$obj.o(Region$$Table)
    Region$$Table$$Limit                     0x080097a8   Number         0  anon$$obj.o(Region$$Table)
    SystemCoreClock                          0x20000000   Data           4  system_stm32f10x.o(.data)
    AHBPrescTable                            0x20000004   Data          16  system_stm32f10x.o(.data)
    pxCurrentTCB                             0x20000028   Data           4  tasks.o(.data)
    uxTopUsedPriority                        0x20000060   Data           4  tasks.o(.data)
    __stdout                                 0x20000100   Data           4  stdout.o(.data)
    xQueueRegistry                           0x20000114   Data          64  queue.o(.bss)
    esp                                      0x20005640   Data         404  lwesp.o(.bss)
    __initial_sp                             0x200089e8   Data           0  startup_stm32f10x_hd.o(STACK)



==============================================================================

Memory Map of the image

  Image Entry point : 0x08000131

  Load Region LR_IROM1 (Base: 0x08000000, Size: 0x000098ac, Max: 0x00040000, ABSOLUTE)

    Execution Region ER_IROM1 (Exec base: 0x08000000, Load base: 0x08000000, Size: 0x000097a8, Max: 0x00040000, ABSOLUTE)

    Exec Addr    Load Addr    Size         Type   Attr      Idx    E Section Name        Object

    0x08000000   0x08000000   0x00000130   Data   RO          189    RESET               startup_stm32f10x_hd.o
    0x08000130   0x08000130   0x00000000   Code   RO         6699  * .ARM.Collect$$$$00000000  mc_w.l(entry.o)
    0x08000130   0x08000130   0x00000004   Code   RO         6991    .ARM.Collect$$$$00000001  mc_w.l(entry2.o)
    0x08000134   0x08000134   0x00000004   Code   RO         6994    .ARM.Collect$$$$00000004  mc_w.l(entry5.o)
    0x08000138   0x08000138   0x00000000   Code   RO         6996    .ARM.Collect$$$$00000008  mc_w.l(entry7b.o)
    0x08000138   0x08000138   0x00000000   Code   RO         6998    .ARM.Collect$$$$0000000A  mc_w.l(entry8b.o)
    0x08000138   0x08000138   0x00000008   Code   RO         6999    .ARM.Collect$$$$0000000B  mc_w.l(entry9a.o)
    0x08000140   0x08000140   0x00000004   Code   RO         7006    .ARM.Collect$$$$0000000E  mc_w.l(entry12b.o)
    0x08000144   0x08000144   0x00000000   Code   RO         7001    .ARM.Collect$$$$0000000F  mc_w.l(entry10a.o)
    0x08000144   0x08000144   0x00000000   Code   RO         7003    .ARM.Collect$$$$00000011  mc_w.l(entry11a.o)
    0x08000144   0x08000144   0x00000004   Code   RO         6992    .ARM.Collect$$$$00002712  mc_w.l(entry2.o)
    0x08000148   0x08000148   0x00000096   Code   RO         4520    .emb_text           port.o
    0x080001de   0x080001de   0x00000002   PAD
    0x080001e0   0x080001e0   0x00000024   Code   RO          190    .text               startup_stm32f10x_hd.o
    0x08000204   0x08000204   0x00000024   Code   RO         6702    .text               mc_w.l(memcpya.o)
    0x08000228   0x08000228   0x00000024   Code   RO         6706    .text               mc_w.l(memseta.o)
    0x0800024c   0x0800024c   0x00000024   Code   RO         6708    .text               mc_w.l(strstr.o)
    0x08000270   0x08000270   0x00000014   Code   RO         6712    .text               mc_w.l(strchr.o)
    0x08000284   0x08000284   0x0000000e   Code   RO         6714    .text               mc_w.l(strlen.o)
    0x08000292   0x08000292   0x0000001c   Code   RO         6716    .text               mc_w.l(strcmp.o)
    0x080002ae   0x080002ae   0x0000001e   Code   RO         6720    .text               mc_w.l(strncmp.o)
    0x080002cc   0x080002cc   0x00000062   Code   RO         7010    .text               mc_w.l(uldiv.o)
    0x0800032e   0x0800032e   0x00000002   PAD
    0x08000330   0x08000330   0x00000024   Code   RO         7023    .text               mc_w.l(init.o)
    0x08000354   0x08000354   0x0000001e   Code   RO         7025    .text               mc_w.l(llshl.o)
    0x08000372   0x08000372   0x00000020   Code   RO         7027    .text               mc_w.l(llushr.o)
    0x08000392   0x08000392   0x00000004   Code   RO            1    i.BusFault_Handler  stm32f10x_it.o
    0x08000396   0x08000396   0x00000002   PAD
    0x08000398   0x08000398   0x00000034   Code   RO         6392    i.DMA1_Channel6_IRQHandler  lwesp_ll_stm32.o
    0x080003cc   0x080003cc   0x0000001c   Code   RO         1100    i.DMA_ClearFlag     stm32f10x_dma.o
    0x080003e8   0x080003e8   0x00000018   Code   RO         1102    i.DMA_Cmd           stm32f10x_dma.o
    0x08000400   0x08000400   0x00000008   Code   RO         1104    i.DMA_GetCurrDataCounter  stm32f10x_dma.o
    0x08000408   0x08000408   0x00000012   Code   RO         1107    i.DMA_ITConfig      stm32f10x_dma.o
    0x0800041a   0x0800041a   0x0000003c   Code   RO         1108    i.DMA_Init          stm32f10x_dma.o
    0x08000456   0x08000456   0x00000002   Code   RO            2    i.DebugMon_Handler  stm32f10x_it.o
    0x08000458   0x08000458   0x00000116   Code   RO         1526    i.GPIO_Init         stm32f10x_gpio.o
    0x0800056e   0x0800056e   0x00000004   Code   RO         1533    i.GPIO_ResetBits    stm32f10x_gpio.o
    0x08000572   0x08000572   0x00000004   Code   RO         1534    i.GPIO_SetBits      stm32f10x_gpio.o
    0x08000576   0x08000576   0x00000004   Code   RO            3    i.HardFault_Handler  stm32f10x_it.o
    0x0800057a   0x0800057a   0x00000004   Code   RO            4    i.MemManage_Handler  stm32f10x_it.o
    0x0800057e   0x0800057e   0x00000002   Code   RO            5    i.NMI_Handler       stm32f10x_it.o
    0x08000580   0x08000580   0x0000000c   Code   RO          194    i.NVIC_Configuration  main.o
    0x0800058c   0x0800058c   0x00000070   Code   RO          375    i.NVIC_Init         misc.o
    0x080005fc   0x080005fc   0x00000014   Code   RO          376    i.NVIC_PriorityGroupConfig  misc.o
    0x08000610   0x08000610   0x00000020   Code   RO         1941    i.RCC_AHBPeriphClockCmd  stm32f10x_rcc.o
    0x08000630   0x08000630   0x00000020   Code   RO         1942    i.RCC_APB1PeriphClockCmd  stm32f10x_rcc.o
    0x08000650   0x08000650   0x00000020   Code   RO         1943    i.RCC_APB1PeriphResetCmd  stm32f10x_rcc.o
    0x08000670   0x08000670   0x00000020   Code   RO         1944    i.RCC_APB2PeriphClockCmd  stm32f10x_rcc.o
    0x08000690   0x08000690   0x00000020   Code   RO         1945    i.RCC_APB2PeriphResetCmd  stm32f10x_rcc.o
    0x080006b0   0x080006b0   0x000000d4   Code   RO         1952    i.RCC_GetClocksFreq  stm32f10x_rcc.o
    0x08000784   0x08000784   0x00000008   Code   RO          142    i.SetSysClock       system_stm32f10x.o
    0x0800078c   0x0800078c   0x000000e0   Code   RO          143    i.SetSysClockTo72   system_stm32f10x.o
    0x0800086c   0x0800086c   0x00000034   Code   RO         4521    i.SysTick_Handler   port.o
    0x080008a0   0x080008a0   0x00000060   Code   RO          145    i.SystemInit        system_stm32f10x.o
    0x08000900   0x08000900   0x00000068   Code   RO         6393    i.USART2_IRQHandler  lwesp_ll_stm32.o
    0x08000968   0x08000968   0x00000012   Code   RO         3108    i.USART_ClearFlag   stm32f10x_usart.o
    0x0800097a   0x0800097a   0x0000001e   Code   RO         3109    i.USART_ClearITPendingBit  stm32f10x_usart.o
    0x08000998   0x08000998   0x00000018   Code   RO         3112    i.USART_Cmd         stm32f10x_usart.o
    0x080009b0   0x080009b0   0x00000012   Code   RO         3113    i.USART_DMACmd      stm32f10x_usart.o
    0x080009c2   0x080009c2   0x00000002   PAD
    0x080009c4   0x080009c4   0x0000009c   Code   RO         3114    i.USART_DeInit      stm32f10x_usart.o
    0x08000a60   0x08000a60   0x0000001a   Code   RO         3115    i.USART_GetFlagStatus  stm32f10x_usart.o
    0x08000a7a   0x08000a7a   0x00000054   Code   RO         3116    i.USART_GetITStatus  stm32f10x_usart.o
    0x08000ace   0x08000ace   0x0000004a   Code   RO         3118    i.USART_ITConfig    stm32f10x_usart.o
    0x08000b18   0x08000b18   0x000000d8   Code   RO         3119    i.USART_Init        stm32f10x_usart.o
    0x08000bf0   0x08000bf0   0x0000000a   Code   RO         3126    i.USART_ReceiveData  stm32f10x_usart.o
    0x08000bfa   0x08000bfa   0x00000008   Code   RO         3129    i.USART_SendData    stm32f10x_usart.o
    0x08000c02   0x08000c02   0x00000004   Code   RO            6    i.UsageFault_Handler  stm32f10x_it.o
    0x08000c06   0x08000c06   0x00000002   PAD
    0x08000c08   0x08000c08   0x00000020   Code   RO         6937    i.__0printf$8       mc_w.l(printf8.o)
    0x08000c28   0x08000c28   0x0000000e   Code   RO         7035    i.__scatterload_copy  mc_w.l(handlers.o)
    0x08000c36   0x08000c36   0x00000002   Code   RO         7036    i.__scatterload_null  mc_w.l(handlers.o)
    0x08000c38   0x08000c38   0x0000000e   Code   RO         7037    i.__scatterload_zeroinit  mc_w.l(handlers.o)
    0x08000c46   0x08000c46   0x00000002   PAD
    0x08000c48   0x08000c48   0x00000404   Code   RO         6944    i._printf_core      mc_w.l(printf8.o)
    0x0800104c   0x0800104c   0x00000024   Code   RO         6945    i._printf_post_padding  mc_w.l(printf8.o)
    0x08001070   0x08001070   0x0000002e   Code   RO         6946    i._printf_pre_padding  mc_w.l(printf8.o)
    0x0800109e   0x0800109e   0x00000002   PAD
    0x080010a0   0x080010a0   0x00000234   Code   RO         6394    i.configure_uart    lwesp_ll_stm32.o
    0x080012d4   0x080012d4   0x000000e0   Code   RO         5202    i.conn_send         lwesp_conn.o
    0x080013b4   0x080013b4   0x00000030   Code   RO         5203    i.conn_timeout_cb   lwesp_conn.o
    0x080013e4   0x080013e4   0x00000254   Code   RO         6619    i.connect_to_preferred_access_point  station_manager.o
    0x08001638   0x08001638   0x00000068   Code   RO          332    i.debug_uart_cfg    printf.o
    0x080016a0   0x080016a0   0x00000028   Code   RO          333    i.debug_uart_init   printf.o
    0x080016c8   0x080016c8   0x00000048   Code   RO         5204    i.flush_buff        lwesp_conn.o
    0x08001710   0x08001710   0x000000a8   Code   RO         4597    i.flush_mboxes      lwesp_netconn.o
    0x080017b8   0x080017b8   0x00000024   Code   RO          334    i.fputc             printf.o
    0x080017dc   0x080017dc   0x00000038   Code   RO         6308    i.get_next_timeout_diff  lwesp_timeout.o
    0x08001814   0x08001814   0x00000088   Code   RO          195    i.join_ap_test      main.o
    0x0800189c   0x0800189c   0x00000198   Code   RO          196    i.lwesp_callback_func  main.o
    0x08001a34   0x08001a34   0x000000b0   Code   RO         5205    i.lwesp_conn_close  lwesp_conn.o
    0x08001ae4   0x08001ae4   0x00000012   Code   RO         5206    i.lwesp_conn_get_arg  lwesp_conn.o
    0x08001af6   0x08001af6   0x00000042   Code   RO         5207    i.lwesp_conn_get_from_evt  lwesp_conn.o
    0x08001b38   0x08001b38   0x00000024   Code   RO         5213    i.lwesp_conn_is_active  lwesp_conn.o
    0x08001b5c   0x08001b5c   0x00000038   Code   RO         5214    i.lwesp_conn_is_client  lwesp_conn.o
    0x08001b94   0x08001b94   0x00000038   Code   RO         5216    i.lwesp_conn_is_server  lwesp_conn.o
    0x08001bcc   0x08001bcc   0x00000006   Code   RO         5217    i.lwesp_conn_recved  lwesp_conn.o
    0x08001bd2   0x08001bd2   0x00000098   Code   RO         5218    i.lwesp_conn_send   lwesp_conn.o
    0x08001c6a   0x08001c6a   0x00000014   Code   RO         5220    i.lwesp_conn_set_arg  lwesp_conn.o
    0x08001c7e   0x08001c7e   0x00000002   PAD
    0x08001c80   0x08001c80   0x00000090   Code   RO         5223    i.lwesp_conn_start  lwesp_conn.o
    0x08001d10   0x08001d10   0x00000018   Code   RO         4894    i.lwesp_core_lock   lwesp.o
    0x08001d28   0x08001d28   0x00000018   Code   RO         4895    i.lwesp_core_unlock  lwesp.o
    0x08001d40   0x08001d40   0x00000030   Code   RO         4896    i.lwesp_delay       lwesp.o
    0x08001d70   0x08001d70   0x0000001c   Code   RO         4898    i.lwesp_device_is_present  lwesp.o
    0x08001d8c   0x08001d8c   0x00000054   Code   RO         4598    i.lwesp_evt         lwesp_netconn.o
    0x08001de0   0x08001de0   0x00000006   Code   RO         5404    i.lwesp_evt_conn_active_get_conn  lwesp_evt.o
    0x08001de6   0x08001de6   0x00000006   Code   RO         5406    i.lwesp_evt_conn_close_get_conn  lwesp_evt.o
    0x08001dec   0x08001dec   0x00000006   Code   RO         5415    i.lwesp_evt_conn_poll_get_conn  lwesp_evt.o
    0x08001df2   0x08001df2   0x00000006   Code   RO         5416    i.lwesp_evt_conn_recv_get_buff  lwesp_evt.o
    0x08001df8   0x08001df8   0x00000006   Code   RO         5417    i.lwesp_evt_conn_recv_get_conn  lwesp_evt.o
    0x08001dfe   0x08001dfe   0x00000006   Code   RO         5418    i.lwesp_evt_conn_send_get_conn  lwesp_evt.o
    0x08001e04   0x08001e04   0x00000006   Code   RO         5421    i.lwesp_evt_get_type  lwesp_evt.o
    0x08001e0a   0x08001e0a   0x00000002   PAD
    0x08001e0c   0x08001e0c   0x00000078   Code   RO         5422    i.lwesp_evt_register  lwesp_evt.o
    0x08001e84   0x08001e84   0x00000014   Code   RO         4900    i.lwesp_get_current_at_fw_version  lwesp.o
    0x08001e98   0x08001e98   0x00000204   Code   RO         4902    i.lwesp_init        lwesp.o
    0x0800209c   0x0800209c   0x00000050   Code   RO         5649    i.lwesp_input_process  lwesp_input.o
    0x080020ec   0x080020ec   0x0000001a   Code   RO         5663    i.lwesp_ip_is_valid  lwesp_int.o
    0x08002106   0x08002106   0x00000002   PAD
    0x08002108   0x08002108   0x00000048   Code   RO         6396    i.lwesp_ll_init     lwesp_ll_stm32.o
    0x08002150   0x08002150   0x00000014   Code   RO         5827    i.lwesp_mem_assignmemory  lwesp_mem.o
    0x08002164   0x08002164   0x0000001c   Code   RO         5828    i.lwesp_mem_calloc  lwesp_mem.o
    0x08002180   0x08002180   0x0000001a   Code   RO         5829    i.lwesp_mem_free    lwesp_mem.o
    0x0800219a   0x0800219a   0x00000018   Code   RO         5830    i.lwesp_mem_free_s  lwesp_mem.o
    0x080021b2   0x080021b2   0x0000001a   Code   RO         5831    i.lwesp_mem_malloc  lwesp_mem.o
    0x080021cc   0x080021cc   0x00000052   Code   RO         4601    i.lwesp_netconn_close  lwesp_netconn.o
    0x0800221e   0x0800221e   0x00000002   PAD
    0x08002220   0x08002220   0x00000048   Code   RO         4602    i.lwesp_netconn_connect  lwesp_netconn.o
    0x08002268   0x08002268   0x000000a4   Code   RO         4604    i.lwesp_netconn_delete  lwesp_netconn.o
    0x0800230c   0x0800230c   0x00000054   Code   RO         4605    i.lwesp_netconn_flush  lwesp_netconn.o
    0x08002360   0x08002360   0x000000c8   Code   RO         4612    i.lwesp_netconn_new  lwesp_netconn.o
    0x08002428   0x08002428   0x00000074   Code   RO         4613    i.lwesp_netconn_receive  lwesp_netconn.o
    0x0800249c   0x0800249c   0x00000118   Code   RO         4618    i.lwesp_netconn_write  lwesp_netconn.o
    0x080025b4   0x080025b4   0x00000046   Code   RO         6018    i.lwesp_pbuf_free   lwesp_pbuf.o
    0x080025fa   0x080025fa   0x00000012   Code   RO         6021    i.lwesp_pbuf_length  lwesp_pbuf.o
    0x0800260c   0x0800260c   0x00000026   Code   RO         6024    i.lwesp_pbuf_new    lwesp_pbuf.o
    0x08002632   0x08002632   0x00000016   Code   RO         6025    i.lwesp_pbuf_ref    lwesp_pbuf.o
    0x08002648   0x08002648   0x00000010   Code   RO         6026    i.lwesp_pbuf_set_ip  lwesp_pbuf.o
    0x08002658   0x08002658   0x00000016   Code   RO         4903    i.lwesp_reset       lwesp.o
    0x0800266e   0x0800266e   0x00000002   PAD
    0x08002670   0x08002670   0x00000058   Code   RO         4904    i.lwesp_reset_with_delay  lwesp.o
    0x080026c8   0x080026c8   0x00000054   Code   RO         4905    i.lwesp_restore     lwesp.o
    0x0800271c   0x0800271c   0x00000080   Code   RO         6158    i.lwesp_set_server  lwesp_server.o
    0x0800279c   0x0800279c   0x00000070   Code   RO         6189    i.lwesp_sta_copy_ip  lwesp_sta.o
    0x0800280c   0x0800280c   0x00000068   Code   RO         6191    i.lwesp_sta_getip   lwesp_sta.o
    0x08002874   0x08002874   0x0000001c   Code   RO         6193    i.lwesp_sta_has_ip  lwesp_sta.o
    0x08002890   0x08002890   0x00000008   Code   RO         6197    i.lwesp_sta_is_joined  lwesp_sta.o
    0x08002898   0x08002898   0x0000006c   Code   RO         6198    i.lwesp_sta_join    lwesp_sta.o
    0x08002904   0x08002904   0x00000070   Code   RO         6199    i.lwesp_sta_list_ap  lwesp_sta.o
    0x08002974   0x08002974   0x00000020   Code   RO         6446    i.lwesp_sys_init    lwesp_sys_freertos.o
    0x08002994   0x08002994   0x0000001e   Code   RO         6447    i.lwesp_sys_mbox_create  lwesp_sys_freertos.o
    0x080029b2   0x080029b2   0x0000001a   Code   RO         6448    i.lwesp_sys_mbox_delete  lwesp_sys_freertos.o
    0x080029cc   0x080029cc   0x00000048   Code   RO         6449    i.lwesp_sys_mbox_get  lwesp_sys_freertos.o
    0x08002a14   0x08002a14   0x0000001e   Code   RO         6450    i.lwesp_sys_mbox_getnow  lwesp_sys_freertos.o
    0x08002a32   0x08002a32   0x0000000a   Code   RO         6451    i.lwesp_sys_mbox_invalid  lwesp_sys_freertos.o
    0x08002a3c   0x08002a3c   0x00000010   Code   RO         6452    i.lwesp_sys_mbox_isvalid  lwesp_sys_freertos.o
    0x08002a4c   0x08002a4c   0x00000022   Code   RO         6453    i.lwesp_sys_mbox_put  lwesp_sys_freertos.o
    0x08002a6e   0x08002a6e   0x0000001e   Code   RO         6454    i.lwesp_sys_mbox_putnow  lwesp_sys_freertos.o
    0x08002a8c   0x08002a8c   0x00000018   Code   RO         6459    i.lwesp_sys_mutex_lock  lwesp_sys_freertos.o
    0x08002aa4   0x08002aa4   0x00000014   Code   RO         6460    i.lwesp_sys_mutex_unlock  lwesp_sys_freertos.o
    0x08002ab8   0x08002ab8   0x00000008   Code   RO         6461    i.lwesp_sys_now     lwesp_sys_freertos.o
    0x08002ac0   0x08002ac0   0x00000010   Code   RO         6462    i.lwesp_sys_protect  lwesp_sys_freertos.o
    0x08002ad0   0x08002ad0   0x00000030   Code   RO         6463    i.lwesp_sys_sem_create  lwesp_sys_freertos.o
    0x08002b00   0x08002b00   0x0000000e   Code   RO         6464    i.lwesp_sys_sem_delete  lwesp_sys_freertos.o
    0x08002b0e   0x08002b0e   0x0000000a   Code   RO         6465    i.lwesp_sys_sem_invalid  lwesp_sys_freertos.o
    0x08002b18   0x08002b18   0x00000010   Code   RO         6466    i.lwesp_sys_sem_isvalid  lwesp_sys_freertos.o
    0x08002b28   0x08002b28   0x0000001a   Code   RO         6467    i.lwesp_sys_sem_release  lwesp_sys_freertos.o
    0x08002b42   0x08002b42   0x00000042   Code   RO         6468    i.lwesp_sys_sem_wait  lwesp_sys_freertos.o
    0x08002b84   0x08002b84   0x0000002e   Code   RO         6469    i.lwesp_sys_thread_create  lwesp_sys_freertos.o
    0x08002bb2   0x08002bb2   0x0000000e   Code   RO         6470    i.lwesp_sys_thread_terminate  lwesp_sys_freertos.o
    0x08002bc0   0x08002bc0   0x00000010   Code   RO         6472    i.lwesp_sys_unprotect  lwesp_sys_freertos.o
    0x08002bd0   0x08002bd0   0x0000002c   Code   RO         6290    i.lwesp_thread_process  lwesp_threads.o
    0x08002bfc   0x08002bfc   0x00000120   Code   RO         6291    i.lwesp_thread_produce  lwesp_threads.o
    0x08002d1c   0x08002d1c   0x000000e8   Code   RO         6309    i.lwesp_timeout_add  lwesp_timeout.o
    0x08002e04   0x08002e04   0x000000be   Code   RO         6357    i.lwesp_u32_to_gen_str  lwesp_utils.o
    0x08002ec2   0x08002ec2   0x00000012   Code   RO         5227    i.lwespi_conn_get_val_id  lwesp_conn.o
    0x08002ed4   0x08002ed4   0x00000002   Code   RO         5228    i.lwespi_conn_init  lwesp_conn.o
    0x08002ed6   0x08002ed6   0x00000002   PAD
    0x08002ed8   0x08002ed8   0x00000018   Code   RO         5229    i.lwespi_conn_start_timeout  lwesp_conn.o
    0x08002ef0   0x08002ef0   0x00000018   Code   RO         5664    i.lwespi_get_cipstatus_or_cipstate_cmd  lwesp_int.o
    0x08002f08   0x08002f08   0x00000050   Code   RO         6311    i.lwespi_get_from_mbox_with_timeout_checks  lwesp_timeout.o
    0x08002f58   0x08002f58   0x000000d8   Code   RO         5665    i.lwespi_get_reset_sub_cmd  lwesp_int.o
    0x08003030   0x08003030   0x0000129c   Code   RO         5666    i.lwespi_initiate_cmd  lwesp_int.o
    0x080042cc   0x080042cc   0x0000002c   Code   RO         5667    i.lwespi_is_valid_conn_ptr  lwesp_int.o
    0x080042f8   0x080042f8   0x0000002c   Code   RO         5904    i.lwespi_parse_ap_conn_disconn_sta  lwesp_parser.o
    0x08004324   0x08004324   0x00000030   Code   RO         5905    i.lwespi_parse_ap_ip_sta  lwesp_parser.o
    0x08004354   0x08004354   0x0000002c   Code   RO         5906    i.lwespi_parse_at_sdk_version  lwesp_parser.o
    0x08004380   0x08004380   0x000000b4   Code   RO         5907    i.lwespi_parse_cipstatus_cipstate  lwesp_parser.o
    0x08004434   0x08004434   0x00000050   Code   RO         5908    i.lwespi_parse_cwdhcp  lwesp_parser.o
    0x08004484   0x08004484   0x00000078   Code   RO         5909    i.lwespi_parse_cwjap  lwesp_parser.o
    0x080044fc   0x080044fc   0x00000124   Code   RO         5910    i.lwespi_parse_cwlap  lwesp_parser.o
    0x08004620   0x08004620   0x00000074   Code   RO         5911    i.lwespi_parse_cwlif  lwesp_parser.o
    0x08004694   0x08004694   0x000000a0   Code   RO         5912    i.lwespi_parse_cwsap  lwesp_parser.o
    0x08004734   0x08004734   0x0000008e   Code   RO         5913    i.lwespi_parse_hexnumber  lwesp_parser.o
    0x080047c2   0x080047c2   0x00000056   Code   RO         5914    i.lwespi_parse_ip   lwesp_parser.o
    0x08004818   0x08004818   0x000000c0   Code   RO         5915    i.lwespi_parse_ipd  lwesp_parser.o
    0x080048d8   0x080048d8   0x000000d4   Code   RO         5916    i.lwespi_parse_link_conn  lwesp_parser.o
    0x080049ac   0x080049ac   0x0000008a   Code   RO         5917    i.lwespi_parse_mac  lwesp_parser.o
    0x08004a36   0x08004a36   0x0000005c   Code   RO         5918    i.lwespi_parse_number  lwesp_parser.o
    0x08004a92   0x08004a92   0x00000010   Code   RO         5919    i.lwespi_parse_port  lwesp_parser.o
    0x08004aa2   0x08004aa2   0x00000002   PAD
    0x08004aa4   0x08004aa4   0x00000dbc   Code   RO         5668    i.lwespi_parse_received  lwesp_int.o
    0x08005860   0x08005860   0x00000074   Code   RO         5920    i.lwespi_parse_string  lwesp_parser.o
    0x080058d4   0x080058d4   0x000004b8   Code   RO         5669    i.lwespi_process    lwesp_int.o
    0x08005d8c   0x08005d8c   0x000000ec   Code   RO         5670    i.lwespi_process_events_for_timeout_or_error  lwesp_int.o
    0x08005e78   0x08005e78   0x00000500   Code   RO         5671    i.lwespi_process_sub_cmd  lwesp_int.o
    0x08006378   0x08006378   0x00000088   Code   RO         5672    i.lwespi_reset_everything  lwesp_int.o
    0x08006400   0x08006400   0x00000024   Code   RO         5673    i.lwespi_send_cb    lwesp_int.o
    0x08006424   0x08006424   0x00000030   Code   RO         5674    i.lwespi_send_conn_cb  lwesp_int.o
    0x08006454   0x08006454   0x00000048   Code   RO         5675    i.lwespi_send_conn_error_cb  lwesp_int.o
    0x0800649c   0x0800649c   0x00000094   Code   RO         5676    i.lwespi_send_ip    lwesp_int.o
    0x08006530   0x08006530   0x0000008c   Code   RO         5677    i.lwespi_send_mac   lwesp_int.o
    0x080065bc   0x080065bc   0x00000144   Code   RO         5678    i.lwespi_send_msg_to_producer_mbox  lwesp_int.o
    0x08006700   0x08006700   0x00000064   Code   RO         5679    i.lwespi_send_number  lwesp_int.o
    0x08006764   0x08006764   0x00000068   Code   RO         5680    i.lwespi_send_port  lwesp_int.o
    0x080067cc   0x080067cc   0x00000098   Code   RO         5682    i.lwespi_send_string  lwesp_int.o
    0x08006864   0x08006864   0x000000b4   Code   RO         5683    i.lwespi_tcpip_process_data_sent  lwesp_int.o
    0x08006918   0x08006918   0x0000013c   Code   RO         5684    i.lwespi_tcpip_process_send_data  lwesp_int.o
    0x08006a54   0x08006a54   0x0000007a   Code   RO         6344    i.lwespi_unicode_decode  lwesp_unicode.o
    0x08006ace   0x08006ace   0x00000002   PAD
    0x08006ad0   0x08006ad0   0x0000006c   Code   RO          197    i.main              main.o
    0x08006b3c   0x08006b3c   0x000000a0   Code   RO         5833    i.mem_alloc         lwesp_mem.o
    0x08006bdc   0x08006bdc   0x000000bc   Code   RO         5834    i.mem_assignmem     lwesp_mem.o
    0x08006c98   0x08006c98   0x00000024   Code   RO         5835    i.mem_calloc        lwesp_mem.o
    0x08006cbc   0x08006cbc   0x0000003c   Code   RO         5836    i.mem_free          lwesp_mem.o
    0x08006cf8   0x08006cf8   0x00000070   Code   RO         5837    i.mem_insertfreeblock  lwesp_mem.o
    0x08006d68   0x08006d68   0x000001f0   Code   RO         6684    i.netconn_client_thread  netconn_client.o
    0x08006f58   0x08006f58   0x00000130   Code   RO         4619    i.netconn_evt       lwesp_netconn.o
    0x08007088   0x08007088   0x0000003c   Code   RO         6312    i.process_next_timeout  lwesp_timeout.o
    0x080070c4   0x080070c4   0x000000a4   Code   RO         3909    i.prvAddCurrentTaskToDelayedList  tasks.o
    0x08007168   0x08007168   0x000000e8   Code   RO         3910    i.prvAddNewTaskToReadyList  tasks.o
    0x08007250   0x08007250   0x00000064   Code   RO         4279    i.prvCheckForValidListAndQueue  timers.o
    0x080072b4   0x080072b4   0x00000048   Code   RO         3911    i.prvCheckTasksWaitingTermination  tasks.o
    0x080072fc   0x080072fc   0x0000002a   Code   RO         3520    i.prvCopyDataFromQueue  queue.o
    0x08007326   0x08007326   0x0000007e   Code   RO         3521    i.prvCopyDataToQueue  queue.o
    0x080073a4   0x080073a4   0x00000012   Code   RO         3912    i.prvDeleteTCB      tasks.o
    0x080073b6   0x080073b6   0x00000014   Code   RO         3522    i.prvGetDisinheritPriorityAfterTimeout  queue.o
    0x080073ca   0x080073ca   0x00000002   PAD
    0x080073cc   0x080073cc   0x00000028   Code   RO         4280    i.prvGetNextExpireTime  timers.o
    0x080073f4   0x080073f4   0x00000070   Code   RO         4459    i.prvHeapInit       heap_4.o
    0x08007464   0x08007464   0x00000028   Code   RO         3913    i.prvIdleTask       tasks.o
    0x0800748c   0x0800748c   0x0000001e   Code   RO         3523    i.prvInitialiseMutex  queue.o
    0x080074aa   0x080074aa   0x0000002a   Code   RO         3524    i.prvInitialiseNewQueue  queue.o
    0x080074d4   0x080074d4   0x000000cc   Code   RO         3914    i.prvInitialiseNewTask  tasks.o
    0x080075a0   0x080075a0   0x00000068   Code   RO         3915    i.prvInitialiseTaskLists  tasks.o
    0x08007608   0x08007608   0x00000068   Code   RO         4460    i.prvInsertBlockIntoFreeList  heap_4.o
    0x08007670   0x08007670   0x00000058   Code   RO         4282    i.prvInsertTimerInActiveList  timers.o
    0x080076c8   0x080076c8   0x0000001a   Code   RO         3525    i.prvIsQueueEmpty   queue.o
    0x080076e2   0x080076e2   0x0000001e   Code   RO         3526    i.prvIsQueueFull    queue.o
    0x08007700   0x08007700   0x00000044   Code   RO         4283    i.prvProcessExpiredTimer  timers.o
    0x08007744   0x08007744   0x0000014c   Code   RO         4284    i.prvProcessReceivedCommands  timers.o
    0x08007890   0x08007890   0x00000074   Code   RO         4285    i.prvProcessTimerOrBlockTask  timers.o
    0x08007904   0x08007904   0x00000028   Code   RO         4286    i.prvReloadTimer    timers.o
    0x0800792c   0x0800792c   0x00000030   Code   RO         3917    i.prvResetNextTaskUnblockTime  tasks.o
    0x0800795c   0x0800795c   0x0000002c   Code   RO         4287    i.prvSampleTimeNow  timers.o
    0x08007988   0x08007988   0x00000044   Code   RO         4288    i.prvSwitchTimerLists  timers.o
    0x080079cc   0x080079cc   0x00000040   Code   RO         4522    i.prvTaskExitError  port.o
    0x08007a0c   0x08007a0c   0x0000001a   Code   RO         4289    i.prvTimerTask      timers.o
    0x08007a26   0x08007a26   0x0000007e   Code   RO         3527    i.prvUnlockQueue    queue.o
    0x08007aa4   0x08007aa4   0x00000006   Code   RO         4909    i.prv_def_callback  lwesp.o
    0x08007aaa   0x08007aaa   0x00000002   PAD
    0x08007aac   0x08007aac   0x0000001c   Code   RO         4910    i.prv_keep_alive_timeout_fn  lwesp.o
    0x08007ac8   0x08007ac8   0x0000012c   Code   RO         4462    i.pvPortMalloc      heap_4.o
    0x08007bf4   0x08007bf4   0x00000020   Code   RO         3920    i.pvTaskIncrementMutexHeldCount  tasks.o
    0x08007c14   0x08007c14   0x00000024   Code   RO         4523    i.pxPortInitialiseStack  port.o
    0x08007c38   0x08007c38   0x000000b8   Code   RO         5685    i.reset_connections  lwesp_int.o
    0x08007cf0   0x08007cf0   0x00000020   Code   RO         6397    i.reset_device      lwesp_ll_stm32.o
    0x08007d10   0x08007d10   0x00000038   Code   RO         6398    i.send_data         lwesp_ll_stm32.o
    0x08007d48   0x08007d48   0x00000090   Code   RO         6399    i.usart_ll_thread   lwesp_ll_stm32.o
    0x08007dd8   0x08007dd8   0x00000044   Code   RO         6663    i.utils_print_ip    utils.o
    0x08007e1c   0x08007e1c   0x00000028   Code   RO         3480    i.uxListRemove      list.o
    0x08007e44   0x08007e44   0x0000002a   Code   RO         3530    i.uxQueueMessagesWaiting  queue.o
    0x08007e6e   0x08007e6e   0x00000002   PAD
    0x08007e70   0x08007e70   0x0000000c   Code   RO         3923    i.uxTaskGetNumberOfTasks  tasks.o
    0x08007e7c   0x08007e7c   0x0000001a   Code   RO         3481    i.vListInitialise   list.o
    0x08007e96   0x08007e96   0x00000006   Code   RO         3482    i.vListInitialiseItem  list.o
    0x08007e9c   0x08007e9c   0x00000034   Code   RO         3483    i.vListInsert       list.o
    0x08007ed0   0x08007ed0   0x00000018   Code   RO         3484    i.vListInsertEnd    list.o
    0x08007ee8   0x08007ee8   0x00000054   Code   RO         4525    i.vPortEnterCritical  port.o
    0x08007f3c   0x08007f3c   0x0000003c   Code   RO         4526    i.vPortExitCritical  port.o
    0x08007f78   0x08007f78   0x0000008c   Code   RO         4463    i.vPortFree         heap_4.o
    0x08008004   0x08008004   0x00000028   Code   RO         4527    i.vPortSetupTimerInterrupt  port.o
    0x0800802c   0x0800802c   0x00000078   Code   RO         4528    i.vPortValidateInterruptPriority  port.o
    0x080080a4   0x080080a4   0x00000060   Code   RO         3533    i.vQueueAddToRegistry  queue.o
    0x08008104   0x08008104   0x0000002c   Code   RO         3534    i.vQueueDelete      queue.o
    0x08008130   0x08008130   0x00000048   Code   RO         3536    i.vQueueUnregisterQueue  queue.o
    0x08008178   0x08008178   0x0000004a   Code   RO         3537    i.vQueueWaitForMessageRestricted  queue.o
    0x080081c2   0x080081c2   0x00000002   PAD
    0x080081c4   0x080081c4   0x0000005c   Code   RO         3930    i.vTaskDelay        tasks.o
    0x08008220   0x08008220   0x000000d0   Code   RO         3931    i.vTaskDelete       tasks.o
    0x080082f0   0x080082f0   0x00000018   Code   RO         3935    i.vTaskInternalSetTimeOutState  tasks.o
    0x08008308   0x08008308   0x0000000c   Code   RO         3936    i.vTaskMissedYield  tasks.o
    0x08008314   0x08008314   0x00000038   Code   RO         3937    i.vTaskPlaceOnEventList  tasks.o
    0x0800834c   0x0800834c   0x00000064   Code   RO         3938    i.vTaskPlaceOnEventListRestricted  tasks.o
    0x080083b0   0x080083b0   0x00000104   Code   RO         3940    i.vTaskPriorityDisinheritAfterTimeout  tasks.o
    0x080084b4   0x080084b4   0x0000009c   Code   RO         3946    i.vTaskStartScheduler  tasks.o
    0x08008550   0x08008550   0x00000010   Code   RO         3948    i.vTaskSuspendAll   tasks.o
    0x08008560   0x08008560   0x00000090   Code   RO         3949    i.vTaskSwitchContext  tasks.o
    0x080085f0   0x080085f0   0x000000f8   Code   RO         4529    i.xPortStartScheduler  port.o
    0x080086e8   0x080086e8   0x00000022   Code   RO         3539    i.xQueueCreateMutex  queue.o
    0x0800870a   0x0800870a   0x00000066   Code   RO         3540    i.xQueueGenericCreate  queue.o
    0x08008770   0x08008770   0x000000dc   Code   RO         3541    i.xQueueGenericReset  queue.o
    0x0800884c   0x0800884c   0x000001a8   Code   RO         3542    i.xQueueGenericSend  queue.o
    0x080089f4   0x080089f4   0x00000128   Code   RO         3543    i.xQueueGenericSendFromISR  queue.o
    0x08008b1c   0x08008b1c   0x00000048   Code   RO         3547    i.xQueueGiveMutexRecursive  queue.o
    0x08008b64   0x08008b64   0x00000168   Code   RO         3552    i.xQueueReceive     queue.o
    0x08008ccc   0x08008ccc   0x00000194   Code   RO         3554    i.xQueueSemaphoreTake  queue.o
    0x08008e60   0x08008e60   0x0000004e   Code   RO         3555    i.xQueueTakeMutexRecursive  queue.o
    0x08008eae   0x08008eae   0x00000002   PAD
    0x08008eb0   0x08008eb0   0x00000090   Code   RO         3951    i.xTaskCheckForTimeOut  tasks.o
    0x08008f40   0x08008f40   0x00000068   Code   RO         3952    i.xTaskCreate       tasks.o
    0x08008fa8   0x08008fa8   0x0000000c   Code   RO         3958    i.xTaskGetCurrentTaskHandle  tasks.o
    0x08008fb4   0x08008fb4   0x00000020   Code   RO         3959    i.xTaskGetSchedulerState  tasks.o
    0x08008fd4   0x08008fd4   0x0000000c   Code   RO         3960    i.xTaskGetTickCount  tasks.o
    0x08008fe0   0x08008fe0   0x000001b8   Code   RO         3962    i.xTaskIncrementTick  tasks.o
    0x08009198   0x08009198   0x000000d8   Code   RO         3963    i.xTaskPriorityDisinherit  tasks.o
    0x08009270   0x08009270   0x000000d8   Code   RO         3964    i.xTaskPriorityInherit  tasks.o
    0x08009348   0x08009348   0x00000120   Code   RO         3965    i.xTaskRemoveFromEventList  tasks.o
    0x08009468   0x08009468   0x00000174   Code   RO         3966    i.xTaskResumeAll    tasks.o
    0x080095dc   0x080095dc   0x00000054   Code   RO         4297    i.xTimerCreateTimerTask  timers.o
    0x08009630   0x08009630   0x00000008   Data   RO         6401    .constdata          lwesp_ll_stm32.o
    0x08009638   0x08009638   0x00000008   Data   RO         6625    .constdata          station_manager.o
    0x08009640   0x08009640   0x0000003c   Data   RO         6685    .constdata          netconn_client.o
    0x0800967c   0x0800967c   0x000000a1   Data   RO         6626    .conststring        station_manager.o
    0x0800971d   0x0800971d   0x00000003   PAD
    0x08009720   0x08009720   0x00000068   Data   RO         6686    .conststring        netconn_client.o
    0x08009788   0x08009788   0x00000020   Data   RO         7033    Region$$Table       anon$$obj.o


    Execution Region RW_IRAM1 (Exec base: 0x20000000, Load base: 0x080097a8, Size: 0x000089e8, Max: 0x0000c000, ABSOLUTE)

    Exec Addr    Load Addr    Size         Type   Attr      Idx    E Section Name        Object

    0x20000000   0x080097a8   0x00000014   Data   RW          146    .data               system_stm32f10x.o
    0x20000014   0x080097bc   0x00000014   Data   RW         1972    .data               stm32f10x_rcc.o
    0x20000028   0x080097d0   0x00000040   Data   RW         3969    .data               tasks.o
    0x20000068   0x08009810   0x00000014   Data   RW         4307    .data               timers.o
    0x2000007c   0x08009824   0x0000001c   Data   RW         4469    .data               heap_4.o
    0x20000098   0x08009840   0x0000000c   Data   RW         4530    .data               port.o
    0x200000a4   0x0800984c   0x0000000d   Data   RW         4620    .data               lwesp_netconn.o
    0x200000b1   0x08009859   0x00000003   PAD
    0x200000b4   0x0800985c   0x00000008   Data   RW         4912    .data               lwesp.o
    0x200000bc   0x08009864   0x00000008   Data   RW         5650    .data               lwesp_input.o
    0x200000c4   0x0800986c   0x00000009   Data   RW         5687    .data               lwesp_int.o
    0x200000cd   0x08009875   0x00000003   PAD
    0x200000d0   0x08009878   0x00000010   Data   RW         5839    .data               lwesp_mem.o
    0x200000e0   0x08009888   0x00000008   Data   RW         6313    .data               lwesp_timeout.o
    0x200000e8   0x08009890   0x00000010   Data   RW         6402    .data               lwesp_ll_stm32.o
    0x200000f8   0x080098a0   0x00000004   Data   RW         6473    .data               lwesp_sys_freertos.o
    0x200000fc   0x080098a4   0x00000004   Data   RW         6627    .data               station_manager.o
    0x20000100   0x080098a8   0x00000004   Data   RW         7007    .data               mc_w.l(stdout.o)
    0x20000104        -       0x00000010   Zero   RW          335    .bss                printf.o
    0x20000114        -       0x00000040   Zero   RW         3556    .bss                queue.o
    0x20000154        -       0x000004c4   Zero   RW         3968    .bss                tasks.o
    0x20000618        -       0x00000028   Zero   RW         4306    .bss                timers.o
    0x20000640        -       0x00005000   Zero   RW         4468    .bss                heap_4.o
    0x20005640        -       0x00000194   Zero   RW         4911    .bss                lwesp.o
    0x200057d4        -       0x00000084   Zero   RW         5686    .bss                lwesp_int.o
    0x20005858        -       0x0000203c   Zero   RW         6400    .bss                lwesp_ll_stm32.o
    0x20007894        -       0x00000d54   Zero   RW         6624    .bss                station_manager.o
    0x200085e8        -       0x00000400   Zero   RW          187    STACK               startup_stm32f10x_hd.o


==============================================================================

Image component sizes


      Code (inc. data)   RO Data    RW Data    ZI Data      Debug   Object Name

         0          0          0          0          0         32   core_cm3.o
         0          0          0          0          0      14388   event_groups.o
       656         58          0         28      20480       5127   heap_4.o
       148          0          0          0          0       3162   list.o
       888         88          0          8        404      21074   lwesp.o
         0          0          0          0          0      13098   lwesp_ap.o
         0          0          0          0          0       5760   lwesp_cli.o
      1118         28          0          0          0      11497   lwesp_conn.o
       162          4          0          0          0       4951   lwesp_evt.o
        80         12          0          8          0        954   lwesp_input.o
     13254       1160          0          9        132      38340   lwesp_int.o
      1024        128          8         16       8252       6431   lwesp_ll_stm32.o
       680         42          0         16          0       7827   lwesp_mem.o
      1554         60          0         13          0      22747   lwesp_netconn.o
      2078         74          0          0          0      12176   lwesp_parser.o
       164          0          0          0          0       3644   lwesp_pbuf.o
       128          4          0          0          0       1387   lwesp_server.o
       472         24          0          0          0       4948   lwesp_sta.o
       604         14          0          4          0      15049   lwesp_sys_freertos.o
       332          8          0          0          0       2078   lwesp_threads.o
       428         36          0          8          0       3543   lwesp_timeout.o
       122          0          0          0          0       1076   lwesp_unicode.o
       190          0          0          0          0        983   lwesp_utils.o
       664        370          0          0          0      28029   main.o
       132         22          0          0          0       1611   misc.o
       496        282        164          0          0       1488   netconn_client.o
       854         78          0         12          0      10361   port.o
       180         20          0          0         16       2202   printf.o
      2760         30          0          0         64      23282   queue.o
        36          8        304          0       1024        776   startup_stm32f10x_hd.o
       596        266        169          4       3412       3056   station_manager.o
       138         10          0          0          0       4569   stm32f10x_dma.o
       286          0          0          0          0       3128   stm32f10x_gpio.o
        20          0          0          0          0     248025   stm32f10x_it.o
       372         50          0         20          0       6292   stm32f10x_rcc.o
       664         28          0          0          0       8815   stm32f10x_usart.o
         0          0          0          0          0        416   stream_buffer.o
       328         28          0         20          0       2105   system_stm32f10x.o
      3830        428          0         64       1220      31556   tasks.o
      1006        110          0         20         40      22960   timers.o
        68         22          0          0          0        637   utils.o

    ----------------------------------------------------------------------
     36546       3492        680        256      35044     599580   Object Totals
         0          0         32          0          0          0   (incl. Generated)
        34          0          3          6          0          0   (incl. Padding)

    ----------------------------------------------------------------------

      Code (inc. data)   RO Data    RW Data    ZI Data      Debug   Library Member Name

         0          0          0          0          0          0   entry.o
         0          0          0          0          0          0   entry10a.o
         0          0          0          0          0          0   entry11a.o
         4          0          0          0          0          0   entry12b.o
         8          4          0          0          0          0   entry2.o
         4          0          0          0          0          0   entry5.o
         0          0          0          0          0          0   entry7b.o
         0          0          0          0          0          0   entry8b.o
         8          4          0          0          0          0   entry9a.o
        30          0          0          0          0          0   handlers.o
        36          8          0          0          0         68   init.o
        30          0          0          0          0         68   llshl.o
        32          0          0          0          0         68   llushr.o
        36          0          0          0          0         68   memcpya.o
        36          0          0          0          0        108   memseta.o
      1142         54          0          0          0        352   printf8.o
         0          0          0          4          0          0   stdout.o
        20          0          0          0          0         68   strchr.o
        28          0          0          0          0         76   strcmp.o
        14          0          0          0          0         68   strlen.o
        30          0          0          0          0         80   strncmp.o
        36          0          0          0          0         80   strstr.o
        98          0          0          0          0         92   uldiv.o

    ----------------------------------------------------------------------
      1598         70          0          4          0       1196   Library Totals
         6          0          0          0          0          0   (incl. Padding)

    ----------------------------------------------------------------------

      Code (inc. data)   RO Data    RW Data    ZI Data      Debug   Library Name

      1592         70          0          4          0       1196   mc_w.l

    ----------------------------------------------------------------------
      1598         70          0          4          0       1196   Library Totals

    ----------------------------------------------------------------------

==============================================================================


      Code (inc. data)   RO Data    RW Data    ZI Data      Debug   

     38144       3562        680        260      35044     586472   Grand Totals
     38144       3562        680        260      35044     586472   ELF Image Totals
     38144       3562        680        260          0          0   ROM Totals

==============================================================================

    Total RO  Size (Code + RO Data)                38824 (  37.91kB)
    Total RW  Size (RW Data + ZI Data)             35304 (  34.48kB)
    Total ROM Size (Code + RO Data + RW Data)      39084 (  38.17kB)

==============================================================================

